11-13 20:37:16.934  1237  1237 I dalvikvm: Could not find method android.content.res.TypedArray.getType, referenced from method android.support.v7.internal.widget.TintTypedArray.getType

11-13 20:37:16.934  1237  1237 W dalvikvm: VFY: unable to resolve virtual method 516: Landroid/content/res/TypedArray;.getType (I)I

11-13 20:37:16.934  1237  1237 I dalvikvm: Could not find method android.widget.LinearLayout$LayoutParams.<init>, referenced from method android.support.design.widget.AppBarLayout$LayoutParams.<init>

11-13 20:37:16.934  1237  1237 W dalvikvm: VFY: unable to resolve direct method 19398: Landroid/widget/LinearLayout$LayoutParams;.<init> (Landroid/widget/LinearLayout$LayoutParams;)V

11-13 20:37:16.938  1237  1237 I dalvikvm: Could not find method android.widget.LinearLayout$LayoutParams.<init>, referenced from method android.support.design.widget.AppBarLayout$LayoutParams.<init>

11-13 20:37:16.946  1237  1237 W dalvikvm: VFY: unable to resolve direct method 19398: Landroid/widget/LinearLayout$LayoutParams;.<init> (Landroid/widget/LinearLayout$LayoutParams;)V

11-13 20:37:16.950  1237  1237 I dalvikvm: Could not find method android.content.res.Resources.getDrawable, referenced from method android.support.v7.internal.widget.ResourcesWrapper.getDrawable

11-13 20:37:16.950  1237  1237 W dalvikvm: VFY: unable to resolve virtual method 457: Landroid/content/res/Resources;.getDrawable (ILandroid/content/res/Resources$Theme;)Landroid/graphics/drawable/Drawable;

11-13 20:37:16.950  1237  1237 I dalvikvm: Could not find method android.content.res.Resources.getDrawableForDensity, referenced from method android.support.v7.internal.widget.ResourcesWrapper.getDrawableForDensity

11-13 20:37:16.950  1237  1237 W dalvikvm: VFY: unable to resolve virtual method 459: Landroid/content/res/Resources;.getDrawableForDensity (IILandroid/content/res/Resources$Theme;)Landroid/graphics/drawable/Drawable;

11-13 20:37:16.978  1237  1237 I dalvikvm: Could not find method android.widget.LinearLayout.<init>, referenced from method scd.lcex.BottomBar.<init>

11-13 20:37:16.978  1237  1237 W dalvikvm: VFY: unable to resolve direct method 19402: Landroid/widget/LinearLayout;.<init> (Landroid/content/Context;Landroid/util/AttributeSet;II)V

11-13 20:37:16.990  1237  1237 I dalvikvm-heap: Grow heap (frag case) to 4.080MB for 1127532-byte allocation

11-13 20:37:17.082  1237  1237 W EGL_genymotion: eglSurfaceAttrib not implemented

11-13 20:37:17.110  1237  1237 W EGL_genymotion: eglSurfaceAttrib not implemented

11-13 20:37:17.334   408   423 I ActivityManager: Displayed scd.lcex/.ActivityMain: +467ms

11-13 20:37:17.350  1237  1237 W EGL_genymotion: eglSurfaceAttrib not implemented

11-13 20:37:17.462   408   417 I ActivityManager: START u0 {flg=0x10000000 cmp=com.genymotion.superuser/com.koushikdutta.superuser.RequestActivity (has extras)} from pid 1259

11-13 20:37:17.502   408   417 I dalvikvm-heap: Grow heap (frag case) to 5.898MB for 380492-byte allocation

11-13 20:37:18.018   408   421 W ActivityManager: Activity pause timeout for ActivityRecord{53306f38 u0 scd.lcex/.ActivityMain}

11-13 20:37:18.018   408   421 I ActivityManager: Start proc com.genymotion.superuser:superuser for activity com.genymotion.superuser/com.koushikdutta.superuser.RequestActivity: pid=1268 uid=10042 gids={50042, 1028}

11-13 20:37:18.022   408   490 I qtaguid : Failed write_ctrl(s 1 10042) res=-1 errno=1

11-13 20:37:18.022   408   490 W NetworkManagementSocketTagger: setKernelCountSet(10042, 1) failed with errno -1

11-13 20:37:18.030   408   408 I ActivityManager: START u0 {flg=0x10800000 cmp=com.genymotion.superuser/com.koushikdutta.superuser.MultitaskSuRequestActivity (has extras)} from pid 1268

11-13 20:37:18.086   408   692 I dalvikvm-heap: Grow heap (frag case) to 6.171MB for 151032-byte allocation

11-13 20:37:18.158  1268  1268 W EGL_genymotion: eglSurfaceAttrib not implemented

11-13 20:37:18.170   623   623 W IInputConnectionWrapper: showStatusIcon on inactive InputConnection

11-13 20:37:18.366   408   423 I ActivityManager: Displayed com.genymotion.superuser/com.koushikdutta.superuser.MultitaskSuRequestActivity: +334ms (total +347ms)

11-13 20:37:18.366   408   490 I qtaguid : Failed write_ctrl(s 0 10023) res=-1 errno=1

11-13 20:37:18.366   408   490 W NetworkManagementSocketTagger: setKernelCountSet(10023, 0) failed with errno -1

11-13 20:37:21.890   166   299 I AudioMixer: found effect "Multichannel Downmix To Stereo" from The Android Open Source Project

11-13 20:37:21.946   408   692 I dalvikvm-heap: Grow heap (frag case) to 6.433MB for 380492-byte allocation

11-13 20:37:21.962   166   299 W genymotion_audio: out_write() limiting sleep time 33400 to 23219

11-13 20:37:21.974   408  1288 I dalvikvm-heap: Grow heap (frag case) to 6.424MB for 141370-byte allocation

11-13 20:37:22.030  1237  1237 I Choreographer: Skipped 278 frames!  The application may be doing too much work on its main thread.

11-13 20:37:22.202  1237  1237 W EGL_genymotion: eglSurfaceAttrib not implemented

11-13 20:37:22.230   408   690 I ActivityManager: Activity reported stop, but no longer stopping: ActivityRecord{53306f38 u0 scd.lcex/.ActivityMain}

11-13 20:37:22.618   408   490 I qtaguid : Failed write_ctrl(s 0 10042) res=-1 errno=1

11-13 20:37:22.618   408   490 W NetworkManagementSocketTagger: setKernelCountSet(10042, 0) failed with errno -1

11-13 20:37:24.046   408   421 I ActivityManager: No longer want com.android.contacts (pid 897): empty #17

11-13 20:37:24.374   408   417 I ActivityManager: No longer want com.android.exchange (pid 984): empty #17

11-13 20:37:26.338   166   299 W genymotion_audio: out_write() limiting sleep time 47029 to 23219

11-13 20:37:26.362   166   299 W genymotion_audio: out_write() limiting sleep time 58639 to 23219

11-13 20:37:26.386   166   299 W genymotion_audio: out_write() limiting sleep time 60249 to 23219

11-13 20:37:26.414   166   299 W genymotion_audio: out_write() limiting sleep time 41859 to 23219

11-13 20:37:26.434   166   299 W genymotion_audio: out_write() limiting sleep time 33469 to 23219

11-13 20:37:47.890   166   299 W genymotion_audio: out_write() limiting sleep time 47029 to 23219

11-13 20:37:47.910   166   299 W genymotion_audio: out_write() limiting sleep time 58639 to 23219

11-13 20:37:47.934   166   299 W genymotion_audio: out_write() limiting sleep time 60249 to 23219

11-13 20:37:47.958   166   299 W genymotion_audio: out_write() limiting sleep time 51859 to 23219

11-13 20:37:47.982   166   299 W genymotion_audio: out_write() limiting sleep time 33469 to 23219

11-13 20:37:57.030   408   554 W BackupManagerService: dataChanged but no participant pkg='com.android.providers.settings' uid=1001

11-13 20:37:57.682   408   692 I AudioService:  AudioFocus  abandonAudioFocus() from android.media.AudioManager@531f55fccom.android.music.MediaPlaybackService$3@531f4dcc

11-13 20:37:57.682   408   690 I ActivityManager: No longer want com.android.music (pid 834): empty #17

11-13 20:38:03.078   166   299 W genymotion_audio: out_write() limiting sleep time 47029 to 23219

11-13 20:38:03.102   166   299 W genymotion_audio: out_write() limiting sleep time 58639 to 23219

11-13 20:38:03.126   166   299 W genymotion_audio: out_write() limiting sleep time 60249 to 23219

11-13 20:38:03.150   166   299 W genymotion_audio: out_write() limiting sleep time 41859 to 23219

11-13 20:38:03.174   166   299 W genymotion_audio: out_write() limiting sleep time 33469 to 23219

11-13 20:38:03.194   166   299 W genymotion_audio: out_write() limiting sleep time 25079 to 23219

11-13 20:38:11.406   166   299 W genymotion_audio: out_write() limiting sleep time 47029 to 23219

11-13 20:38:11.430   166   299 W genymotion_audio: out_write() limiting sleep time 58639 to 23219

11-13 20:38:11.454   166   299 W genymotion_audio: out_write() limiting sleep time 60249 to 23219

11-13 20:38:11.478   166   299 W genymotion_audio: out_write() limiting sleep time 41859 to 23219

11-13 20:38:11.498   166   299 W genymotion_audio: out_write() limiting sleep time 33469 to 23219

11-13 20:38:11.526   166   299 W genymotion_audio: out_write() limiting sleep time 25079 to 23219

11-13 20:38:12.666   439   440 I gralloc_vbox86: setOrientation: orientation=1

11-13 20:38:12.670   408   474 I InputReader: Reconfiguring input devices.  changes=0x00000004

11-13 20:38:12.670   408   474 I InputReader: Device reconfigured: id=1, name='Genymotion Virtual Input', size 768x1280, orientation 1, mode 1, display id 0

11-13 20:38:12.670   408   474 I InputReader: Device reconfigured: id=2, name='Genymotion via VirtualBox seamless mouse', size 768x1280, orientation 0, mode 3, display id 0

11-13 20:38:12.670   408   421 I ActivityManager: Config changes=1480 {1.0 310mcc270mnc en_US ldltr sw384dp w598dp h359dp 320dpi nrml land finger qwerty/v/v dpad/v s.8}

11-13 20:38:12.718   511   511 I dalvikvm-heap: Grow heap (frag case) to 16.018MB for 9830412-byte allocation

11-13 20:38:12.774  1237  1237 W EGL_genymotion: eglSurfaceAttrib not implemented

11-13 20:38:12.822   511   511 I dalvikvm-heap: Grow heap (frag case) to 22.156MB for 6869836-byte allocation

11-13 20:38:12.974   511   511 W EGL_genymotion: eglSurfaceAttrib not implemented

11-13 20:38:12.994   511   511 W EGL_genymotion: eglSurfaceAttrib not implemented

11-13 20:38:14.554   439   440 I gralloc_vbox86: setOrientation: orientation=0

11-13 20:38:14.554   408   421 I ActivityManager: Config changes=1480 {1.0 310mcc270mnc en_US ldltr sw384dp w384dp h567dp 320dpi nrml port finger qwerty/v/v dpad/v s.9}

11-13 20:38:14.558   511   511 W EGL_genymotion: eglSurfaceAttrib not implemented

11-13 20:38:14.558   511   511 W EGL_genymotion: eglSurfaceAttrib not implemented

11-13 20:38:14.566   408   474 I InputReader: Reconfiguring input devices.  changes=0x00000004

11-13 20:38:14.566   408   474 I InputReader: Device reconfigured: id=1, name='Genymotion Virtual Input', size 768x1280, orientation 0, mode 1, display id 0

11-13 20:38:14.566   408   474 I InputReader: Device reconfigured: id=2, name='Genymotion via VirtualBox seamless mouse', size 768x1280, orientation 0, mode 3, display id 0

11-13 20:38:14.598   511   511 I dalvikvm-heap: Grow heap (frag case) to 16.016MB for 9830412-byte allocation

11-13 20:38:14.598   439   450 E BufferQueue: [Volume control] drainQueueLocked: BufferQueue has been abandoned!

11-13 20:38:14.618  1237  1237 W EGL_genymotion: eglSurfaceAttrib not implemented

11-13 20:38:14.670   511   511 I dalvikvm-heap: Grow heap (frag case) to 22.160MB for 6869836-byte allocation

11-13 20:38:14.798   511   511 W EGL_genymotion: eglSurfaceAttrib not implemented

11-13 20:38:14.822   511   511 W EGL_genymotion: eglSurfaceAttrib not implemented

11-13 20:38:18.086   439   440 I gralloc_vbox86: setOrientation: orientation=1

11-13 20:38:18.086   408   421 I ActivityManager: Config changes=1480 {1.0 310mcc270mnc en_US ldltr sw384dp w598dp h359dp 320dpi nrml land finger qwerty/v/v dpad/v s.10}

11-13 20:38:18.090   511   511 W EGL_genymotion: eglSurfaceAttrib not implemented

11-13 20:38:18.094   511   511 W EGL_genymotion: eglSurfaceAttrib not implemented

11-13 20:38:18.102   408   474 I InputReader: Reconfiguring input devices.  changes=0x00000004

11-13 20:38:18.102   408   474 I InputReader: Device reconfigured: id=1, name='Genymotion Virtual Input', size 768x1280, orientation 1, mode 1, display id 0

11-13 20:38:18.106   408   474 I InputReader: Device reconfigured: id=2, name='Genymotion via VirtualBox seamless mouse', size 768x1280, orientation 0, mode 3, display id 0

11-13 20:38:18.118   511   511 I dalvikvm-heap: Grow heap (frag case) to 16.016MB for 9830412-byte allocation

11-13 20:38:18.150  1237  1237 W EGL_genymotion: eglSurfaceAttrib not implemented

11-13 20:38:18.182   511   511 I dalvikvm-heap: Grow heap (frag case) to 22.160MB for 6869836-byte allocation

11-13 20:38:18.298   511   511 W EGL_genymotion: eglSurfaceAttrib not implemented

11-13 20:38:18.318   511   511 W EGL_genymotion: eglSurfaceAttrib not implemented

11-13 20:38:22.762   166   299 W genymotion_audio: out_write() limiting sleep time 47029 to 23219

11-13 20:38:22.786   166   299 W genymotion_audio: out_write() limiting sleep time 58639 to 23219

11-13 20:38:22.806   166   299 W genymotion_audio: out_write() limiting sleep time 50249 to 23219

11-13 20:38:22.830   166   299 W genymotion_audio: out_write() limiting sleep time 41859 to 23219

11-13 20:38:22.854   166   299 W genymotion_audio: out_write() limiting sleep time 33469 to 23219

11-13 20:38:25.966   166   299 W genymotion_audio: out_write() limiting sleep time 30339 to 23219

11-13 20:38:26.506   408   609 W ThrottleService: unable to find stats for iface rmnet0

11-13 20:38:38.926  1237  1237 I dalvikvm-heap: Grow heap (frag case) to 5.919MB for 100236-byte allocation

11-13 20:38:38.934  1237  1237 I dalvikvm-heap: Grow heap (frag case) to 6.835MB for 1127532-byte allocation

11-13 20:38:49.866   439   440 I gralloc_vbox86: setOrientation: orientation=0

11-13 20:38:49.870   408   474 I InputReader: Reconfiguring input devices.  changes=0x00000004

11-13 20:38:49.870   408   474 I InputReader: Device reconfigured: id=1, name='Genymotion Virtual Input', size 768x1280, orientation 0, mode 1, display id 0

11-13 20:38:49.870   408   474 I InputReader: Device reconfigured: id=2, name='Genymotion via VirtualBox seamless mouse', size 768x1280, orientation 0, mode 3, display id 0

11-13 20:38:49.870   408   421 I ActivityManager: Config changes=1480 {1.0 310mcc270mnc en_US ldltr sw384dp w384dp h567dp 320dpi nrml port finger qwerty/v/v dpad/v s.11}

11-13 20:38:49.878   511   511 W EGL_genymotion: eglSurfaceAttrib not implemented

11-13 20:38:49.878   511   511 W EGL_genymotion: eglSurfaceAttrib not implemented

11-13 20:38:49.906   511   511 I dalvikvm-heap: Grow heap (frag case) to 16.017MB for 9830412-byte allocation

11-13 20:38:49.934  1237  1237 W EGL_genymotion: eglSurfaceAttrib not implemented

11-13 20:38:49.978   511   511 I dalvikvm-heap: Grow heap (frag case) to 22.160MB for 6869836-byte allocation

11-13 20:38:50.086   511   511 W EGL_genymotion: eglSurfaceAttrib not implemented

11-13 20:38:50.106   511   511 W EGL_genymotion: eglSurfaceAttrib not implemented

11-13 20:38:52.218   439   440 I gralloc_vbox86: setOrientation: orientation=1

11-13 20:38:52.218   408   421 I ActivityManager: Config changes=1480 {1.0 310mcc270mnc en_US ldltr sw384dp w598dp h359dp 320dpi nrml land finger qwerty/v/v dpad/v s.12}

11-13 20:38:52.222   511   511 W EGL_genymotion: eglSurfaceAttrib not implemented

11-13 20:38:52.226   511   511 W EGL_genymotion: eglSurfaceAttrib not implemented

11-13 20:38:52.238   408   474 I InputReader: Reconfiguring input devices.  changes=0x00000004

11-13 20:38:52.238   408   474 I InputReader: Device reconfigured: id=1, name='Genymotion Virtual Input', size 768x1280, orientation 1, mode 1, display id 0

11-13 20:38:52.238   408   474 I InputReader: Device reconfigured: id=2, name='Genymotion via VirtualBox seamless mouse', size 768x1280, orientation 0, mode 3, display id 0

11-13 20:38:52.254   511   511 I dalvikvm-heap: Grow heap (frag case) to 16.016MB for 9830412-byte allocation

11-13 20:38:52.282  1237  1237 W EGL_genymotion: eglSurfaceAttrib not implemented

11-13 20:38:52.310   511   511 I dalvikvm-heap: Grow heap (frag case) to 22.160MB for 6869836-byte allocation

11-13 20:38:52.462   511   511 W EGL_genymotion: eglSurfaceAttrib not implemented

11-13 20:38:52.478   511   511 W EGL_genymotion: eglSurfaceAttrib not implemented

11-13 20:38:53.886   439   440 I gralloc_vbox86: setOrientation: orientation=0

11-13 20:38:53.886   408   421 I ActivityManager: Config changes=1480 {1.0 310mcc270mnc en_US ldltr sw384dp w384dp h567dp 320dpi nrml port finger qwerty/v/v dpad/v s.13}

11-13 20:38:53.894   511   511 W EGL_genymotion: eglSurfaceAttrib not implemented

11-13 20:38:53.894   511   511 W EGL_genymotion: eglSurfaceAttrib not implemented

11-13 20:38:53.902   408   474 I InputReader: Reconfiguring input devices.  changes=0x00000004

11-13 20:38:53.902   408   474 I InputReader: Device reconfigured: id=1, name='Genymotion Virtual Input', size 768x1280, orientation 0, mode 1, display id 0

11-13 20:38:53.902   408   474 I InputReader: Device reconfigured: id=2, name='Genymotion via VirtualBox seamless mouse', size 768x1280, orientation 0, mode 3, display id 0

11-13 20:38:53.922   511   511 I dalvikvm-heap: Grow heap (frag case) to 16.017MB for 9830412-byte allocation

11-13 20:38:53.946  1237  1237 W EGL_genymotion: eglSurfaceAttrib not implemented

11-13 20:38:53.978   511   511 I dalvikvm-heap: Grow heap (frag case) to 22.160MB for 6869836-byte allocation

11-13 20:38:54.106   511   511 W EGL_genymotion: eglSurfaceAttrib not implemented

11-13 20:38:54.122   511   511 W EGL_genymotion: eglSurfaceAttrib not implemented

11-13 20:38:56.282   166   299 W genymotion_audio: out_write() limiting sleep time 47029 to 23219

11-13 20:38:56.302   166   299 W genymotion_audio: out_write() limiting sleep time 58639 to 23219

11-13 20:38:56.326   166   299 W genymotion_audio: out_write() limiting sleep time 40249 to 23219

11-13 20:38:56.350   166   299 W genymotion_audio: out_write() limiting sleep time 31859 to 23219

11-13 20:38:56.374   166   299 W genymotion_audio: out_write() limiting sleep time 23469 to 23219

11-13 20:39:00.014   511   511 W EGL_genymotion: eglSurfaceAttrib not implemented

11-13 20:39:05.738   166   299 W genymotion_audio: out_write() limiting sleep time 47029 to 23219

11-13 20:39:05.762   166   299 W genymotion_audio: out_write() limiting sleep time 58639 to 23219

11-13 20:39:05.786   166   299 W genymotion_audio: out_write() limiting sleep time 50249 to 23219

11-13 20:39:05.806   166   299 W genymotion_audio: out_write() limiting sleep time 41859 to 23219

11-13 20:39:05.834   166   299 W genymotion_audio: out_write() limiting sleep time 33469 to 23219

11-13 20:39:05.854   166   299 W genymotion_audio: out_write() limiting sleep time 25079 to 23219

11-13 20:39:28.802   511   511 W EGL_genymotion: eglSurfaceAttrib not implemented

11-13 20:39:29.790   511   511 W EGL_genymotion: eglSurfaceAttrib not implemented

11-13 20:39:30.002   408   417 W InputMethodManagerService: Window already focused, ignoring focus gain of: com.android.internal.view.IInputMethodClient$Stub$Proxy@5337e5f4 attribute=null, token = android.os.BinderProxy@53341f24

11-13 20:39:30.010   511   511 W EGL_genymotion: eglSurfaceAttrib not implemented

11-13 20:39:41.634   439   440 I gralloc_vbox86: setOrientation: orientation=1

11-13 20:39:41.638   408   474 I InputReader: Reconfiguring input devices.  changes=0x00000004

11-13 20:39:41.638   408   474 I InputReader: Device reconfigured: id=1, name='Genymotion Virtual Input', size 768x1280, orientation 1, mode 1, display id 0

11-13 20:39:41.638   408   474 I InputReader: Device reconfigured: id=2, name='Genymotion via VirtualBox seamless mouse', size 768x1280, orientation 0, mode 3, display id 0

11-13 20:39:41.638   408   421 I ActivityManager: Config changes=1480 {1.0 310mcc270mnc en_US ldltr sw384dp w598dp h359dp 320dpi nrml land finger qwerty/v/v dpad/v s.14}

11-13 20:39:41.646   511   511 W EGL_genymotion: eglSurfaceAttrib not implemented

11-13 20:39:41.670   511   511 I dalvikvm-heap: Grow heap (frag case) to 16.028MB for 9830412-byte allocation

11-13 20:39:41.702  1237  1237 W EGL_genymotion: eglSurfaceAttrib not implemented

11-13 20:39:41.742   511   511 I dalvikvm-heap: Grow heap (frag case) to 22.169MB for 6869836-byte allocation

11-13 20:39:41.850   511   511 W EGL_genymotion: eglSurfaceAttrib not implemented

11-13 20:39:41.870   511   511 W EGL_genymotion: eglSurfaceAttrib not implemented

11-13 20:39:42.350   439   440 I gralloc_vbox86: setOrientation: orientation=0

11-13 20:39:42.354   408   474 I InputReader: Reconfiguring input devices.  changes=0x00000004

11-13 20:39:42.354   408   474 I InputReader: Device reconfigured: id=1, name='Genymotion Virtual Input', size 768x1280, orientation 0, mode 1, display id 0

11-13 20:39:42.354   408   474 I InputReader: Device reconfigured: id=2, name='Genymotion via VirtualBox seamless mouse', size 768x1280, orientation 0, mode 3, display id 0

11-13 20:39:42.354   408   474 I InputReader: Reconfiguring input devices.  changes=0x00000004

11-13 20:39:42.354   408   474 I InputReader: Device reconfigured: id=1, name='Genymotion Virtual Input', size 768x1280, orientation 0, mode 1, display id 0

11-13 20:39:42.354   408   474 I InputReader: Device reconfigured: id=2, name='Genymotion via VirtualBox seamless mouse', size 768x1280, orientation 0, mode 3, display id 0

11-13 20:39:42.354   408   423 I ActivityManager: Config changes=1480 {1.0 310mcc270mnc en_US ldltr sw384dp w384dp h567dp 320dpi nrml port finger qwerty/v/v dpad/v s.15}

11-13 20:39:42.366   511   511 W EGL_genymotion: eglSurfaceAttrib not implemented

11-13 20:39:42.366   511   511 W EGL_genymotion: eglSurfaceAttrib not implemented

11-13 20:39:42.378   511   511 I dalvikvm-heap: Grow heap (frag case) to 16.027MB for 9830412-byte allocation

11-13 20:39:42.406  1237  1237 W EGL_genymotion: eglSurfaceAttrib not implemented

11-13 20:39:42.446   511   511 I dalvikvm-heap: Grow heap (frag case) to 22.168MB for 6869836-byte allocation

11-13 20:39:42.562   511   511 W EGL_genymotion: eglSurfaceAttrib not implemented

11-13 20:39:42.574   511   511 W EGL_genymotion: eglSurfaceAttrib not implemented

11-13 20:39:43.238   166   299 W genymotion_audio: out_write() limiting sleep time 47029 to 23219

11-13 20:39:43.266   166   299 W genymotion_audio: out_write() limiting sleep time 58639 to 23219

11-13 20:39:43.290   166   299 W genymotion_audio: out_write() limiting sleep time 50249 to 23219

11-13 20:39:43.310   166   299 W genymotion_audio: out_write() limiting sleep time 41859 to 23219

11-13 20:39:43.334   166   299 W genymotion_audio: out_write() limiting sleep time 23469 to 23219

11-13 20:39:45.982   511   511 W EGL_genymotion: eglSurfaceAttrib not implemented

11-13 20:39:45.986   511   511 W EGL_genymotion: eglSurfaceAttrib not implemented

11-13 20:39:46.034   511   511 W EGL_genymotion: eglSurfaceAttrib not implemented

11-13 20:39:48.134   511   511 W EGL_genymotion: eglSurfaceAttrib not implemented

11-13 20:39:48.142   166   299 W genymotion_audio: out_write() limiting sleep time 47029 to 23219

11-13 20:39:48.166   166   299 W genymotion_audio: out_write() limiting sleep time 58639 to 23219

11-13 20:39:48.190   166   299 W genymotion_audio: out_write() limiting sleep time 50249 to 23219

11-13 20:39:48.210   166   299 W genymotion_audio: out_write() limiting sleep time 41859 to 23219

11-13 20:39:48.234   166   299 W genymotion_audio: out_write() limiting sleep time 23469 to 23219

11-13 20:39:49.914   408   417 W InputMethodManagerService: Window already focused, ignoring focus gain of: com.android.internal.view.IInputMethodClient$Stub$Proxy@5335d4ac attribute=null, token = android.os.BinderProxy@53341f24

11-13 20:39:49.930   511   511 W EGL_genymotion: eglSurfaceAttrib not implemented

11-13 20:39:56.710   166   299 W genymotion_audio: out_write() limiting sleep time 47029 to 23219

11-13 20:39:56.730   166   299 W genymotion_audio: out_write() limiting sleep time 58639 to 23219

11-13 20:39:56.758   166   299 W genymotion_audio: out_write() limiting sleep time 50249 to 23219

11-13 20:39:56.778   166   299 W genymotion_audio: out_write() limiting sleep time 41859 to 23219

11-13 20:39:56.802   166   299 W genymotion_audio: out_write() limiting sleep time 33469 to 23219

11-13 20:39:56.826   166   299 W genymotion_audio: out_write() limiting sleep time 25079 to 23219

11-13 20:40:00.018   511   511 W EGL_genymotion: eglSurfaceAttrib not implemented

11-13 20:40:13.418  1237  1237 I System  : Failed to destroy process 1256

11-13 20:40:13.418  1237  1237 I System  : libcore.io.ErrnoException: kill failed: EPERM (Operation not permitted)

11-13 20:40:13.418  1237  1237 I System  : 	at libcore.io.Posix.kill(Native Method)

11-13 20:40:13.418  1237  1237 I System  : 	at libcore.io.ForwardingOs.kill(ForwardingOs.java:81)

11-13 20:40:13.418  1237  1237 I System  : 	at java.lang.ProcessManager$ProcessImpl.destroy(ProcessManager.java:260)

11-13 20:40:13.418  1237  1237 I System  : 	at scd.lcex.Mtd.stopLogcat(Mtd.java:128)

11-13 20:40:13.418  1237  1237 I System  : 	at scd.lcex.FragmentLogcat.stopAll(FragmentLogcat.java:627)

11-13 20:40:13.418  1237  1237 I System  : 	at scd.lcex.ActivityMain.onBackPressed(ActivityMain.java:206)

11-13 20:40:13.418  1237  1237 I System  : 	at android.app.Activity.onKeyUp(Activity.java:2145)

11-13 20:40:13.418  1237  1237 I System  : 	at android.view.KeyEvent.dispatch(KeyEvent.java:2633)

11-13 20:40:13.418  1237  1237 I System  : 	at android.app.Activity.dispatchKeyEvent(Activity.java:2375)

11-13 20:40:13.418  1237  1237 I System  : 	at android.support.v7.internal.view.WindowCallbackWrapper.dispatchKeyEvent(WindowCallbackWrapper.java:50)

11-13 20:40:13.418  1237  1237 I System  : 	at android.support.v7.app.AppCompatDelegateImplBase$AppCompatWindowCallbackBase.dispatchKeyEvent(AppCompatDelegateImplBase.java:226)

11-13 20:40:13.418  1237  1237 I System  : 	at android.support.v7.internal.view.WindowCallbackWrapper.dispatchKeyEvent(WindowCallbackWrapper.java:50)

11-13 20:40:13.418  1237  1237 I System  : 	at com.android.internal.policy.impl.PhoneWindow$DecorView.dispatchKeyEvent(PhoneWindow.java:1847)

11-13 20:40:13.418  1237  1237 I System  : 	at android.view.ViewRootImpl.deliverKeyEventPostIme(ViewRootImpl.java:3701)

11-13 20:40:13.418  1237  1237 I System  : 	at android.view.ViewRootImpl.handleImeFinishedEvent(ViewRootImpl.java:3651)

11-13 20:40:13.418  1237  1237 I System  : 	at android.view.ViewRootImpl$ViewRootHandler.handleMessage(ViewRootImpl.java:2818)

11-13 20:40:13.418  1237  1237 I System  : 	at android.os.Handler.dispatchMessage(Handler.java:99)

11-13 20:40:13.418  1237  1237 I System  : 	at android.os.Looper.loop(Looper.java:137)

11-13 20:40:13.418  1237  1237 I System  : 	at android.app.ActivityThread.main(ActivityThread.java:5041)

11-13 20:40:13.418  1237  1237 I System  : 	at java.lang.reflect.Method.invokeNative(Native Method)

11-13 20:40:13.418  1237  1237 I System  : 	at java.lang.reflect.Method.invoke(Method.java:511)

11-13 20:40:13.418  1237  1237 I System  : 	at com.android.internal.os.ZygoteInit$MethodAndArgsCaller.run(ZygoteInit.java:793)

11-13 20:40:13.418  1237  1237 I System  : 	at com.android.internal.os.ZygoteInit.main(ZygoteInit.java:560)

11-13 20:40:13.418  1237  1237 I System  : 	at dalvik.system.NativeStart.main(Native Method)

11-13 20:40:13.418  1301  1301 F libc    : Fatal signal 13 (SIGPIPE) at 0x00000515 (code=0), thread 1301 (logcat)

11-13 20:40:13.522   162   162 I DEBUG   : *** *** *** *** *** *** *** *** *** *** *** *** *** *** *** ***

11-13 20:40:13.522   162   162 I DEBUG   : Build fingerprint: 'generic/vbox86p/vbox86p:4.2.2/JDQ39E/eng.genymotion.20170928.192357:userdebug/test-keys'

11-13 20:40:13.522   162   162 I DEBUG   : Revision: '0'

11-13 20:40:13.522   162   162 I DEBUG   : pid: 1301, tid: 1301, name: logcat  >>> logcat <<<

11-13 20:40:13.522   162   162 I DEBUG   : signal 13 (SIGPIPE), code -6 (?), fault addr --------

11-13 20:40:13.522   162   162 I DEBUG   :     eax ffffffe0  ebx 00000001  ecx bfd5925c  edx 0000004a

11-13 20:40:13.522   162   162 I DEBUG   :     esi bfd5925c  edi bfd5925c

11-13 20:40:13.522   162   162 I DEBUG   :     xcs 00000073  xds 0000007b  xes 0000007b  xfs 00000000  xss 0000007b

11-13 20:40:13.522   162   162 I DEBUG   :     eip b7720406  ebp 00000001  esp bfd59210  flags 00000286

11-13 20:40:13.522   162   162 I DEBUG   : 

11-13 20:40:13.522   162   162 I DEBUG   : backtrace:

11-13 20:40:13.522   162   162 I DEBUG   :     #00  pc 00025406  /system/lib/libc.so

11-13 20:40:13.522   162   162 I DEBUG   : 

11-13 20:40:13.522   162   162 I DEBUG   : stack:

11-13 20:40:13.522   162   162 I DEBUG   :          bfd591d0  00000000  

11-13 20:40:13.522   162   162 I DEBUG   :          bfd591d4  00000000  

11-13 20:40:13.522   162   162 I DEBUG   :          bfd591d8  00000000  

11-13 20:40:13.522   162   162 I DEBUG   :          bfd591dc  00000000  

11-13 20:40:13.522   162   162 I DEBUG   :          bfd591e0  00000000  

11-13 20:40:13.522   162   162 I DEBUG   :          bfd591e4  00000000  

11-13 20:40:13.522   162   162 I DEBUG   :          bfd591e8  00000000  

11-13 20:40:13.522   162   162 I DEBUG   :          bfd591ec  00000000  

11-13 20:40:13.522   162   162 I DEBUG   :          bfd591f0  00000000  

11-13 20:40:13.522   162   162 I DEBUG   :          bfd591f4  00000000  

11-13 20:40:13.522   162   162 I DEBUG   :          bfd591f8  00000000  

11-13 20:40:13.522   162   162 I DEBUG   :          bfd591fc  00000000  

11-13 20:40:13.522   162   162 I DEBUG   :          bfd59200  00000000  

11-13 20:40:13.522   162   162 I DEBUG   :          bfd59204  00000000  

11-13 20:40:13.522   162   162 I DEBUG   :          bfd59208  00000000  

11-13 20:40:13.522   162   162 I DEBUG   :          bfd5920c  46505845  

11-13 20:40:13.522   162   162 I DEBUG   :     #00  bfd59210  eddb6197  

11-13 20:40:13.522   162   162 I DEBUG   :          bfd59214  eddb6197  

11-13 20:40:13.522   162   162 I DEBUG   :          bfd59218  b77a9ff4  /system/lib/liblog.so

11-13 20:40:13.522   162   162 I DEBUG   :          bfd5921c  b77a6294  /system/lib/liblog.so (android_log_printLogLine+132)

11-13 20:40:13.522   162   162 I DEBUG   :          bfd59220  00000001  

11-13 20:40:13.522   162   162 I DEBUG   :          bfd59224  bfd5925c  [stack]

11-13 20:40:13.522   162   162 I DEBUG   :          bfd59228  0000004a  

11-13 20:40:13.522   162   162 I DEBUG   :          bfd5922c  bfd594bc  [stack]

11-13 20:40:13.522   162   162 I DEBUG   :          bfd59230  bfd59258  [stack]

11-13 20:40:13.522   162   162 I DEBUG   :          bfd59234  00000000  

11-13 20:40:13.522   162   162 I DEBUG   :          bfd59238  00000000  

11-13 20:40:13.522   162   162 I DEBUG   :          bfd5923c  00000000  

11-13 20:40:13.522   162   162 I DEBUG   :          bfd59240  00000000  

11-13 20:40:13.522   162   162 I DEBUG   :          bfd59244  00000000  

11-13 20:40:13.522   162   162 I DEBUG   :          bfd59248  00000000  

11-13 20:40:13.522   162   162 I DEBUG   :          bfd5924c  bfd5925c  [stack]

11-13 20:40:13.542	 137   137 I DEBUG	 : 			FAILED TO SEND RAW PDU MESSAGE

11-13 20:40:13.750   408   417 I dalvikvm-heap: Grow heap (frag case) to 6.719MB for 380492-byte allocation

11-13 20:40:13.766   408   490 I qtaguid : Failed write_ctrl(s 1 10023) res=-1 errno=1

11-13 20:40:13.770   408   490 W NetworkManagementSocketTagger: setKernelCountSet(10023, 1) failed with errno -1

11-13 20:40:13.806   623   623 W EGL_genymotion: eglSurfaceAttrib not implemented

11-13 20:40:13.806  1237  1237 W IInputConnectionWrapper: showStatusIcon on inactive InputConnection

11-13 20:40:13.806   408   408 W InputMethodManagerService: Starting input on non-focused client com.android.internal.view.IInputMethodClient$Stub$Proxy@532de18c (uid=10053 pid=1237)

11-13 20:40:14.286   408   490 I qtaguid : Failed write_ctrl(s 0 10053) res=-1 errno=1

11-13 20:40:14.286   408   490 W NetworkManagementSocketTagger: setKernelCountSet(10053, 0) failed with errno -1

11-13 20:40:14.286   408   421 I ActivityManager: No longer want com.android.email (pid 966): empty #17

11-13 20:40:15.282   166   299 W genymotion_audio: out_write() limiting sleep time 47029 to 23219

11-13 20:40:15.306   166   299 W genymotion_audio: out_write() limiting sleep time 58639 to 23219

11-13 20:40:15.330   166   299 W genymotion_audio: out_write() limiting sleep time 50249 to 23219

11-13 20:40:15.354   166   299 W genymotion_audio: out_write() limiting sleep time 41859 to 23219

11-13 20:40:15.374   166   299 W genymotion_audio: out_write() limiting sleep time 23469 to 23219

11-13 20:40:15.854   623   623 I dalvikvm-heap: Grow heap (frag case) to 9.546MB for 2560012-byte allocation

11-13 20:40:15.922   623   623 I dalvikvm-heap: Grow heap (frag case) to 13.860MB for 3483660-byte allocation

11-13 20:40:16.054   623   623 I dalvikvm-heap: Grow heap (frag case) to 15.167MB for 3483660-byte allocation

11-13 20:40:22.050   166   299 W genymotion_audio: out_write() limiting sleep time 47029 to 23219

11-13 20:40:22.074   166   299 W genymotion_audio: out_write() limiting sleep time 58639 to 23219

11-13 20:40:22.098   166   299 W genymotion_audio: out_write() limiting sleep time 50249 to 23219

11-13 20:40:22.122   166   299 W genymotion_audio: out_write() limiting sleep time 41859 to 23219

11-13 20:40:22.146   166   299 W genymotion_audio: out_write() limiting sleep time 33469 to 23219

11-13 20:40:23.630   408   418 I ActivityManager: START u0 {act=android.search.action.GLOBAL_SEARCH flg=0x10000000 cmp=com.android.quicksearchbox/.SearchActivity bnds=[16,66][752,162] (has extras)} from pid 623

11-13 20:40:23.670   408   490 I qtaguid : Failed write_ctrl(s 1 10039) res=-1 errno=1

11-13 20:40:23.670   408   490 W NetworkManagementSocketTagger: setKernelCountSet(10039, 1) failed with errno -1

11-13 20:40:23.678  1209  1209 I dalvikvm-heap: Grow heap (frag case) to 3.643MB for 1127532-byte allocation

11-13 20:40:23.802  1209  1209 W EGL_genymotion: eglSurfaceAttrib not implemented

11-13 20:40:23.814  1209  1209 I QSB.SuggestionsProviderImpl: chars:0,corpora:[web, apps, com.android.contacts/.activities.PeopleActivity]

11-13 20:40:23.934   408   423 I ActivityManager: Displayed com.android.quicksearchbox/.SearchActivity: +267ms

11-13 20:40:23.966  1209  1209 I QSB.SuggestionsProviderImpl: chars:1,corpora:[web, apps, com.android.contacts/.activities.PeopleActivity]

11-13 20:40:23.982   408   418 I ActivityManager: Start proc com.android.browser for content provider com.android.browser/.provider.BrowserProvider2: pid=1351 uid=10003 gids={50003, 3003, 1015, 1028}

11-13 20:40:24.022  1351  1369 E ActivityThread: Failed to find provider info for com.google.settings

11-13 20:40:24.022  1351  1369 E ActivityThread: Failed to find provider info for com.google.settings

11-13 20:40:24.044	137	  137  DEBUG: I 07914400000000F001000B913173317331F300003AC7F79B0C52BEC52190F37D07D1C3EB32888E2E838CECF05907425A63B7161D1D9BB7D2F337BB459E8FD12D188CDD6E85CFE931

11-13 20:40:25.166  1209  1209 I QSB.SuggestionsProviderImpl: chars:2,corpora:[web, apps, com.android.contacts/.activities.PeopleActivity]

11-13 20:40:25.290  1209  1209 I QSB.SuggestionsProviderImpl: chars:3,corpora:[web, apps, com.android.contacts/.activities.PeopleActivity]

11-13 20:40:26.242  1209  1209 I QSB.SuggestionsProviderImpl: chars:4,corpora:[web, apps, com.android.contacts/.activities.PeopleActivity]

11-13 20:40:27.478   408   690 I ActivityManager: START u0 {act=android.intent.action.MAIN dat=content://applications/applications/scd.lcex/scd.lcex.ActivityMain flg=0x14000000 cmp=com.android.providers.applications/.ApplicationLauncher (has extras)} from pid 1209

11-13 20:40:27.498   166   299 W genymotion_audio: out_write() limiting sleep time 47029 to 23219

11-13 20:40:27.522   550   550 I ApplicationLauncher: Launching ComponentInfo{scd.lcex/scd.lcex.ActivityMain}

11-13 20:40:27.522   408   490 I qtaguid : Failed write_ctrl(s 1 10000) res=-1 errno=1

11-13 20:40:27.522   408   490 W NetworkManagementSocketTagger: setKernelCountSet(10000, 1) failed with errno -1

11-13 20:40:27.522   408   490 I qtaguid : Failed write_ctrl(s 0 10023) res=-1 errno=1

11-13 20:40:27.522   408   490 W NetworkManagementSocketTagger: setKernelCountSet(10023, 0) failed with errno -1

11-13 20:40:27.522   408   417 I ActivityManager: START u0 {act=android.intent.action.MAIN flg=0x10200000 cmp=scd.lcex/.ActivityMain} from pid 550

11-13 20:40:27.522   166   299 W genymotion_audio: out_write() limiting sleep time 58639 to 23219

11-13 20:40:27.546   166   299 W genymotion_audio: out_write() limiting sleep time 50249 to 23219

11-13 20:40:27.554   408   417 I dalvikvm-heap: Grow heap (frag case) to 7.249MB for 380492-byte allocation

11-13 20:40:27.566   408   490 I qtaguid : Failed write_ctrl(s 1 10053) res=-1 errno=1

11-13 20:40:27.566   408   490 W NetworkManagementSocketTagger: setKernelCountSet(10053, 1) failed with errno -1

11-13 20:40:27.570   166   299 W genymotion_audio: out_write() limiting sleep time 41859 to 23219

11-13 20:40:27.594   166   299 W genymotion_audio: out_write() limiting sleep time 33469 to 23219

11-13 20:40:27.682  1237  1237 I dalvikvm-heap: Grow heap (frag case) to 6.695MB for 1127532-byte allocation

11-13 20:40:27.734  1237  1237 W EGL_genymotion: eglSurfaceAttrib not implemented

11-13 20:40:27.742  1209  1209 W IInputConnectionWrapper: showStatusIcon on inactive InputConnection

11-13 20:40:27.762   408   490 I qtaguid : Failed write_ctrl(s 0 10000) res=-1 errno=1

11-13 20:40:27.762   408   490 W NetworkManagementSocketTagger: setKernelCountSet(10000, 0) failed with errno -1

11-13 20:40:27.766   408   423 I ActivityManager: Displayed scd.lcex/.ActivityMain: +201ms (total +248ms)

11-13 20:40:28.042   408   490 I qtaguid : Failed write_ctrl(s 0 10039) res=-1 errno=1

11-13 20:40:28.042   408   490 W NetworkManagementSocketTagger: setKernelCountSet(10039, 0) failed with errno -1

11-13 20:40:32.202   408   473 I ActivityManager: START u0 {act=android.intent.action.MAIN cat=[android.intent.category.HOME] flg=0x10200000 cmp=com.android.launcher/com.android.launcher2.Launcher} from pid 408

11-13 20:40:32.222   166   299 W genymotion_audio: out_write() limiting sleep time 47029 to 23219

11-13 20:40:32.246   408   490 I qtaguid : Failed write_ctrl(s 1 10023) res=-1 errno=1

11-13 20:40:32.246   408   490 W NetworkManagementSocketTagger: setKernelCountSet(10023, 1) failed with errno -1

11-13 20:40:32.246   166   299 W genymotion_audio: out_write() limiting sleep time 58639 to 23219

11-13 20:40:32.270   166   299 W genymotion_audio: out_write() limiting sleep time 50249 to 23219

11-13 20:40:32.290   623   623 W EGL_genymotion: eglSurfaceAttrib not implemented

11-13 20:40:32.294   166   299 W genymotion_audio: out_write() limiting sleep time 41859 to 23219

11-13 20:40:32.318   166   299 W genymotion_audio: out_write() limiting sleep time 23469 to 23219

11-13 20:40:32.786   408   490 I qtaguid : Failed write_ctrl(s 0 10053) res=-1 errno=1

11-13 20:40:32.786   408   490 W NetworkManagementSocketTagger: setKernelCountSet(10053, 0) failed with errno -1

11-13 20:40:34.446   408   690 I ActivityManager: START u0 {act=android.intent.action.MAIN cat=[android.intent.category.LAUNCHER] flg=0x10200000 cmp=com.android.browser/.BrowserActivity bnds=[584,1040][712,1168]} from pid 623

11-13 20:40:34.478   408   690 I dalvikvm-heap: Grow heap (frag case) to 7.511MB for 380492-byte allocation

11-13 20:40:34.506   408   490 I qtaguid : Failed write_ctrl(s 1 10003) res=-1 errno=1

11-13 20:40:34.506   408   490 W NetworkManagementSocketTagger: setKernelCountSet(10003, 1) failed with errno -1

11-13 20:40:34.578  1351  1351 I dalvikvm-heap: Grow heap (frag case) to 4.013MB for 1127532-byte allocation

11-13 20:40:34.786  1351  1351 W EGL_genymotion: eglSurfaceAttrib not implemented

11-13 20:40:34.914   408   423 I ActivityManager: Displayed com.android.browser/.BrowserActivity: +412ms

11-13 20:40:34.982  1351  1351 I dalvikvm-heap: Grow heap (frag case) to 6.245MB for 1582092-byte allocation

11-13 20:40:34.998   408   490 I qtaguid : Failed write_ctrl(s 0 10023) res=-1 errno=1

11-13 20:40:34.998   408   490 W NetworkManagementSocketTagger: setKernelCountSet(10023, 0) failed with errno -1

11-13 20:40:37.510  1351  1351 W EGL_genymotion: eglSurfaceAttrib not implemented

11-13 20:40:37.562  1351  1351 W EGL_genymotion: eglSurfaceAttrib not implemented

11-13 20:40:37.606  1351  1351 W EGL_genymotion: eglSurfaceAttrib not implemented

11-13 20:40:41.402  1351  1351 I browser : Console: AST library loaded: 0.10.2 https://acdn.adnxs.com/as/1h/pages/wieistmeineip.js:2

11-13 20:40:42.478  1351  1351 E browser : Console: Unsafe JavaScript attempt to access frame with URL https://cdn1.smartadserver.com/diff/251/divscripte/c.html?ref=https://www.wieistmeineip.ch from frame with URL https://www.wieistmeineip.ch/. Domains, protocols and ports must match.

11-13 20:40:42.478  1351  1351 E browser :  null:1

11-13 20:40:42.490  1351  1351 E browser : Console: Uncaught #<Object> https://www.googletagmanager.com/gtm.js?id=GTM-KWT8SQ:90

11-13 20:40:42.494  1351  1351 E browser : Console: Uncaught #<Object> https://www.googletagmanager.com/gtm.js?id=GTM-KWT8SQ:90

11-13 20:40:42.642  1351  1351 E browser : Console: Unsafe JavaScript attempt to access frame with URL https://cdn1.smartadserver.com/diff/251/divscripte/c.html?ref=https://www.wieistmeineip.ch from frame with URL https://www.wieistmeineip.ch/. Domains, protocols and ports must match.

11-13 20:40:42.642  1351  1351 E browser :  null:1

11-13 20:40:43.102  1351  1351 E browser : Console: Unsafe JavaScript attempt to access frame with URL https://cdn1.smartadserver.com/diff/251/divscripte/c.html?ref=https://www.wieistmeineip.ch from frame with URL https://www.wieistmeineip.ch/. Domains, protocols and ports must match.

11-13 20:40:43.102  1351  1351 E browser :  null:1

11-13 20:40:43.142  1351  1351 I browser : Console: [object Object] https://www.wieistmeineip.ch/:740

11-13 20:40:43.150  1351  1351 I browser : Console: [object Object] https://www.wieistmeineip.ch/:740

11-13 20:40:43.158  1351  1351 I browser : Console: [object Object] https://www.wieistmeineip.ch/:740

11-13 20:40:43.162  1351  1351 I browser : Console: [object Object] https://www.wieistmeineip.ch/:740

11-13 20:40:43.490  1351  1351 E browser : Console: Unsafe JavaScript attempt to access frame with URL https://www.wieistmeineip.ch/ from frame with URL https://googleads.g.doubleclick.net/pagead/ads?client=ca-pub-4347119884249993&output=html&h=90&adk=54401974&adf=4193475065&w=310&lmt=1510605643&num_ads=2&rafmt=12&channel=7955110917&ad_type=text&format=310x90&color_link=0097dc&color_url=000000&url=https%3A%2F%2Fwww.wieistmeineip.ch%2F&ea=0&flash=0&wgl=0&adsid=NT&dt=1510605642026&bpp=9&fdt=1050&idt=1057&shv=r20171106&cbv=r20170110&saldr=aa&prev_fmts=310x90%2C310x90&correlator=1248191791105&frm=20&ga_vid=709208586.1510605642&ga_sid=1510605642&ga_hid=1926578905&ga_fc=1&pv=1&icsg=2&nhd=1&dssz=2&mdo=0&mso=0&u_tz=0&u_his=2&u_java=0&u_h=1280&u_w=768&u_ah=1280&u_aw=768&u_cd=32&u_nplug=0&u_nmime=0&adx=10&ady=4495&biw=384&bih=515&abxe=1&eid=21061122%2C828064251%2C21061086&oid=3&zm=2&rx=0&eae=4&fc=664&brdim=0%2C50%2C0%2C50%2C768%2C0%2C768%2C1134%2C384%2C515&vis=0&rsz=%7C%7CoeEbr%7C&abl=CS&ppjl=u&pfx=0&fu=272&bc=1&ifi=3&dtd=1072. Domains, protocols and ports must match.

11-13 20:40:43.490  1351  1351 E browser :  null:1

11-13 20:40:43.490  1351  1351 E browser : Console: Unsafe JavaScript attempt to access frame with URL https://www.wieistmeineip.ch/ from frame with URL https://googleads.g.doubleclick.net/pagead/ads?client=ca-pub-4347119884249993&output=html&h=90&adk=54401974&adf=4193475065&w=310&lmt=1510605643&num_ads=2&rafmt=12&channel=7955110917&ad_type=text&format=310x90&color_link=0097dc&color_url=000000&url=https%3A%2F%2Fwww.wieistmeineip.ch%2F&ea=0&flash=0&wgl=0&adsid=NT&dt=1510605642026&bpp=9&fdt=1050&idt=1057&shv=r20171106&cbv=r20170110&saldr=aa&prev_fmts=310x90%2C310x90&correlator=1248191791105&frm=20&ga_vid=709208586.1510605642&ga_sid=1510605642&ga_hid=1926578905&ga_fc=1&pv=1&icsg=2&nhd=1&dssz=2&mdo=0&mso=0&u_tz=0&u_his=2&u_java=0&u_h=1280&u_w=768&u_ah=1280&u_aw=768&u_cd=32&u_nplug=0&u_nmime=0&adx=10&ady=4495&biw=384&bih=515&abxe=1&eid=21061122%2C828064251%2C21061086&oid=3&zm=2&rx=0&eae=4&fc=664&brdim=0%2C50%2C0%2C50%2C768%2C0%2C768%2C1134%2C384%2C515&vis=0&rsz=%7C%7CoeEbr%7C&abl=CS&ppjl=u&pfx=0&fu=272&bc=1&ifi=3&dtd=1072. Domains, protocols and ports must match.

11-13 20:40:43.490  1351  1351 E browser :  null:1

11-13 20:40:43.490  1351  1351 E browser : Console: Unsafe JavaScript attempt to access frame with URL https://www.wieistmeineip.ch/ from frame with URL https://googleads.g.doubleclick.net/pagead/ads?client=ca-pub-4347119884249993&output=html&h=90&adk=54401974&adf=4193475065&w=310&lmt=1510605643&num_ads=2&rafmt=12&channel=7955110917&ad_type=text&format=310x90&color_link=0097dc&color_url=000000&url=https%3A%2F%2Fwww.wieistmeineip.ch%2F&ea=0&flash=0&wgl=0&adsid=NT&dt=1510605642026&bpp=9&fdt=1050&idt=1057&shv=r20171106&cbv=r20170110&saldr=aa&prev_fmts=310x90%2C310x90&correlator=1248191791105&frm=20&ga_vid=709208586.1510605642&ga_sid=1510605642&ga_hid=1926578905&ga_fc=1&pv=1&icsg=2&nhd=1&dssz=2&mdo=0&mso=0&u_tz=0&u_his=2&u_java=0&u_h=1280&u_w=768&u_ah=1280&u_aw=768&u_cd=32&u_nplug=0&u_nmime=0&adx=10&ady=4495&biw=384&bih=515&abxe=1&eid=21061122%2C828064251%2C21061086&oid=3&zm=2&rx=0&eae=4&fc=664&brdim=0%2C50%2C0%2C50%2C768%2C0%2C768%2C1134%2C384%2C515&vis=0&rsz=%7C%7CoeEbr%7C&abl=CS&ppjl=u&pfx=0&fu=272&bc=1&ifi=3&dtd=1072. Domains, protocols and ports must match.

11-13 20:40:43.490  1351  1351 E browser :  null:1

11-13 20:40:43.770  1351  1351 I browser : Console: calling showTag for slot banner https://acdn.adnxs.com/as/1h/pages/wieistmeineip.js:4

11-13 20:40:43.986  1351  1351 I browser : Console: calling showTag for slot mrec https://acdn.adnxs.com/as/1h/pages/wieistmeineip.js:4

11-13 20:40:43.994  1351  1351 I browser : Console: calling showTag for slot inpage https://acdn.adnxs.com/as/1h/pages/wieistmeineip.js:4

11-13 20:40:44.082  1351  1351 E browser : Console: Unsafe JavaScript attempt to access frame with URL https://www.wieistmeineip.ch/ from frame with URL https://googleads.g.doubleclick.net/pagead/ads?client=ca-pub-4347119884249993&output=html&h=90&adk=54401974&adf=2168891321&w=310&lmt=1510605642&num_ads=2&rafmt=12&channel=6478377711&ad_type=text&format=310x90&color_link=0097dc&color_url=000000&url=https%3A%2F%2Fwww.wieistmeineip.ch%2F&ea=0&flash=0&wgl=0&adsid=NT&dt=1510605642000&bpp=26&fdt=547&idt=550&shv=r20171106&cbv=r20170110&saldr=aa&prev_fmts=310x90&correlator=1248191791105&frm=20&ga_vid=709208586.1510605642&ga_sid=1510605642&ga_hid=1926578905&ga_fc=1&pv=1&icsg=2&nhd=1&dssz=2&mdo=0&mso=0&u_tz=0&u_his=2&u_java=0&u_h=1280&u_w=768&u_ah=1280&u_aw=768&u_cd=32&u_nplug=0&u_nmime=0&adx=10&ady=3283&biw=384&bih=515&abxe=1&eid=21061122%2C828064251%2C21061086&oid=3&zm=2&rx=0&eae=4&fc=664&brdim=0%2C50%2C0%2C50%2C768%2C0%2C768%2C1134%2C384%2C515&vis=0&rsz=%7C%7CoeEbr%7C&abl=CS&ppjl=u&pfx=0&fu=272&bc=1&jar=2017-11-13-20&ifi=2&dtd=597. Domains, protocols and ports must match.

11-13 20:40:44.082  1351  1351 E browser :  null:1

11-13 20:40:44.082  1351  1351 E browser : Console: Unsafe JavaScript attempt to access frame with URL https://www.wieistmeineip.ch/ from frame with URL https://googleads.g.doubleclick.net/pagead/ads?client=ca-pub-4347119884249993&output=html&h=90&adk=54401974&adf=2168891321&w=310&lmt=1510605642&num_ads=2&rafmt=12&channel=6478377711&ad_type=text&format=310x90&color_link=0097dc&color_url=000000&url=https%3A%2F%2Fwww.wieistmeineip.ch%2F&ea=0&flash=0&wgl=0&adsid=NT&dt=1510605642000&bpp=26&fdt=547&idt=550&shv=r20171106&cbv=r20170110&saldr=aa&prev_fmts=310x90&correlator=1248191791105&frm=20&ga_vid=709208586.1510605642&ga_sid=1510605642&ga_hid=1926578905&ga_fc=1&pv=1&icsg=2&nhd=1&dssz=2&mdo=0&mso=0&u_tz=0&u_his=2&u_java=0&u_h=1280&u_w=768&u_ah=1280&u_aw=768&u_cd=32&u_nplug=0&u_nmime=0&adx=10&ady=3283&biw=384&bih=515&abxe=1&eid=21061122%2C828064251%2C21061086&oid=3&zm=2&rx=0&eae=4&fc=664&brdim=0%2C50%2C0%2C50%2C768%2C0%2C768%2C1134%2C384%2C515&vis=0&rsz=%7C%7CoeEbr%7C&abl=CS&ppjl=u&pfx=0&fu=272&bc=1&jar=2017-11-13-20&ifi=2&dtd=597. Domains, protocols and ports must match.

11-13 20:40:44.082  1351  1351 E browser :  null:1

11-13 20:40:44.082  1351  1351 E browser : Console: Unsafe JavaScript attempt to access frame with URL https://www.wieistmeineip.ch/ from frame with URL https://googleads.g.doubleclick.net/pagead/ads?client=ca-pub-4347119884249993&output=html&h=90&adk=54401974&adf=2168891321&w=310&lmt=1510605642&num_ads=2&rafmt=12&channel=6478377711&ad_type=text&format=310x90&color_link=0097dc&color_url=000000&url=https%3A%2F%2Fwww.wieistmeineip.ch%2F&ea=0&flash=0&wgl=0&adsid=NT&dt=1510605642000&bpp=26&fdt=547&idt=550&shv=r20171106&cbv=r20170110&saldr=aa&prev_fmts=310x90&correlator=1248191791105&frm=20&ga_vid=709208586.1510605642&ga_sid=1510605642&ga_hid=1926578905&ga_fc=1&pv=1&icsg=2&nhd=1&dssz=2&mdo=0&mso=0&u_tz=0&u_his=2&u_java=0&u_h=1280&u_w=768&u_ah=1280&u_aw=768&u_cd=32&u_nplug=0&u_nmime=0&adx=10&ady=3283&biw=384&bih=515&abxe=1&eid=21061122%2C828064251%2C21061086&oid=3&zm=2&rx=0&eae=4&fc=664&brdim=0%2C50%2C0%2C50%2C768%2C0%2C768%2C1134%2C384%2C515&vis=0&rsz=%7C%7CoeEbr%7C&abl=CS&ppjl=u&pfx=0&fu=272&bc=1&jar=2017-11-13-20&ifi=2&dtd=597. Domains, protocols and ports must match.

11-13 20:40:44.082  1351  1351 E browser :  null:1

11-13 20:40:44.086   408   473 I ActivityManager: START u0 {act=android.intent.action.MAIN cat=[android.intent.category.HOME] flg=0x10200000 cmp=com.android.launcher/com.android.launcher2.Launcher} from pid 408

11-13 20:40:44.114   166   299 W genymotion_audio: out_write() limiting sleep time 47029 to 23219

11-13 20:40:44.118   408   490 I qtaguid : Failed write_ctrl(s 1 10023) res=-1 errno=1

11-13 20:40:44.118   408   490 W NetworkManagementSocketTagger: setKernelCountSet(10023, 1) failed with errno -1

11-13 20:40:44.138   166   299 W genymotion_audio: out_write() limiting sleep time 58639 to 23219

11-13 20:40:44.158   623   623 W EGL_genymotion: eglSurfaceAttrib not implemented

11-13 20:40:44.162  1351  1351 W IInputConnectionWrapper: showStatusIcon on inactive InputConnection

