11-13 20:36:54.548   408   421 W PackageManager: Unknown permission com.google.android.googleapps.permission.ACCESS_GOOGLE_PASSWORD in package com.android.development

11-13 20:36:54.548   408   421 W PackageManager: Unknown permission com.google.android.googleapps.permission.GOOGLE_AUTH in package com.android.development

11-13 20:36:54.548   408   421 W PackageManager: Unknown permission com.google.android.googleapps.permission.GOOGLE_AUTH.ALL_SERVICES in package com.android.development

11-13 20:36:54.548   408   421 W PackageManager: Unknown permission com.google.android.googleapps.permission.GOOGLE_AUTH.YouTubeUser in package com.android.development

11-13 20:36:54.548   408   421 W PackageManager: Unknown permission com.google.android.gallery3d.permission.GALLERY_PROVIDER in package com.android.email

11-13 20:36:54.548   408   421 W PackageManager: Not granting permission android.permission.DEVICE_POWER to package com.android.deskclock (protectionLevel=2 flags=0x8be45)

11-13 20:36:54.568   408   421 I SystemServer: User Service

11-13 20:36:54.568   408   421 I SystemServer: Account Manager

11-13 20:36:54.568   408   421 I SystemServer: Content Manager

11-13 20:36:54.568   408   421 I SystemServer: System Content Providers

11-13 20:36:54.596   408   421 I SystemServer: Lights Service

11-13 20:36:54.596   408   421 I SystemServer: Battery Service

11-13 20:36:54.600   408   421 W libsuspend: Error writing 'on' to /sys/power/state: Invalid argument

11-13 20:36:54.600   408   421 E libsuspend: Error opening /sys/power/autosleep: No such file or directory

11-13 20:36:54.600   408   421 E libsuspend: Error opening /sys/power/wakeup_count: Permission denied

11-13 20:36:54.600   408   421 E libsuspend: failed to initialize autosuspend

11-13 20:36:54.600   408   421 I SystemServer: Vibrator Service

11-13 20:36:54.600   408   421 I SystemServer: Alarm Manager

11-13 20:36:54.600   408   421 I SystemServer: Init Watchdog

11-13 20:36:54.600   408   421 I SystemServer: Input Manager

11-13 20:36:54.600   408   421 I InputManager: Initializing input manager, mUseDevInputEventForAudioJack=false

11-13 20:36:54.604   408   421 I SystemServer: Window Manager

11-13 20:36:54.620   166   428 E WVMExtractor: Failed to open libwvm.so

11-13 20:36:54.628   408   421 I InputManager: Starting input manager

11-13 20:36:54.628   408   421 I SystemServer: Bluetooth Manager Service

11-13 20:36:54.632   408   421 I SystemServer: Input Method Service

11-13 20:36:54.632   408   421 W InputMethodManagerService: Couldn't create dir.: /data/system/inputmethod

11-13 20:36:54.640   408   474 I EventHub: New device: id=1, fd=90, path='/dev/input/event7', name='Genymotion Virtual Input', classes=0x37, configuration='/system/usr/idc/Genymotion_Virtual_Input.idc', keyLayout='/system/usr/keylayout/Genymotion_Virtual_Input.kl', keyCharacterMap='/system/usr/keychars/Generic.kcm', builtinKeyboard=false, usingSuspendBlockIoctl=true, usingClockIoctl=true

11-13 20:36:54.640   408   474 E EventHub: could not get driver version for /dev/input/mouse3, Not a typewriter

11-13 20:36:54.652   408   421 W ResourceType: Failure getting entry for 0x7f060000 (t=5 e=0) in package 0 (error -75)

11-13 20:36:54.652   166   166 E WVMExtractor: Failed to open libwvm.so

11-13 20:36:54.652   408   421 I SystemServer: Accessibility Manager

11-13 20:36:54.652   408   421 I ActivityManager: Config changes=15f8 {1.0 ?mcc?mnc en_US ldltr sw384dp w384dp h567dp 320dpi nrml port ?uimode ?night -touch -keyb/v/h -nav/h s.2}

11-13 20:36:54.656   439   440 I gralloc_vbox86: setOrientation: orientation=0

11-13 20:36:54.656   408   421 I SystemServer: Mount Service

11-13 20:36:54.664   408   474 I EventHub: New device: id=2, fd=95, path='/dev/input/event6', name='Genymotion via VirtualBox seamless mouse', classes=0x4, configuration='', keyLayout='', keyCharacterMap='', builtinKeyboard=false, usingSuspendBlockIoctl=true, usingClockIoctl=true

11-13 20:36:54.664   408   474 E EventHub: could not get driver version for /dev/input/mouse2, Not a typewriter

11-13 20:36:54.668   408   421 I SystemServer: LockSettingsService

11-13 20:36:54.668   408   421 I SystemServer: Device Policy

11-13 20:36:54.668   408   421 I SystemServer: Status Bar

11-13 20:36:54.668   408   421 I SystemServer: Clipboard Service

11-13 20:36:54.668   408   421 I SystemServer: NetworkManagement Service

11-13 20:36:54.672   408   488 E MountService: Error processing initial volume state

11-13 20:36:54.672   408   488 E MountService: java.lang.NullPointerException

11-13 20:36:54.672   408   488 E MountService: 	at com.android.server.MountService.updatePublicVolumeState(MountService.java:630)

11-13 20:36:54.672   408   488 E MountService: 	at com.android.server.MountService.access$1400(MountService.java:103)

11-13 20:36:54.672   408   488 E MountService: 	at com.android.server.MountService$3.run(MountService.java:723)

11-13 20:36:54.672   408   421 I SystemServer: Text Service Manager Service

11-13 20:36:54.672   408   421 I SystemServer: NetworkStats Service

11-13 20:36:54.672   408   421 I SystemServer: NetworkPolicy Service

11-13 20:36:54.672   408   421 I SystemServer: Wi-Fi P2pService

11-13 20:36:54.676   408   488 I PackageManager: No secure containers on sdcard

11-13 20:36:54.676   408   488 W PackageManager: Unknown permission com.google.android.googleapps.permission.GOOGLE_AUTH.mail in package com.android.contacts

11-13 20:36:54.676   408   488 W PackageManager: Unknown permission android.permission.ADD_SYSTEM_SERVICE in package com.android.phone

11-13 20:36:54.676   408   488 W PackageManager: Unknown permission com.google.android.googleapps.permission.GOOGLE_AUTH in package com.android.providers.calendar

11-13 20:36:54.676   408   488 W PackageManager: Unknown permission com.google.android.googleapps.permission.GOOGLE_AUTH.cl in package com.android.providers.calendar

11-13 20:36:54.676   408   488 W PackageManager: Unknown permission com.google.android.gallery3d.permission.GALLERY_PROVIDER in package com.android.bluetooth

11-13 20:36:54.676   408   488 W PackageManager: Unknown permission com.android.gallery3d.permission.GALLERY_PROVIDER in package com.android.bluetooth

11-13 20:36:54.676   408   488 W PackageManager: Unknown permission com.google.android.googleapps.permission.GOOGLE_AUTH.mail in package com.android.calendar

11-13 20:36:54.676   408   488 W PackageManager: Not granting permission android.permission.SEND_DOWNLOAD_COMPLETED_INTENTS to package com.android.browser (protectionLevel=2 flags=0x89be45)

11-13 20:36:54.676   408   488 W PackageManager: Unknown permission com.google.android.c2dm.permission.RECEIVE in package com.mobile9.market.ggs

11-13 20:36:54.676   408   488 W PackageManager: Unknown permission com.google.android.providers.gsf.permission.READ_GSERVICES in package com.mobile9.market.ggs

11-13 20:36:54.676   408   488 W PackageManager: Unknown permission com.sec.android.provider.badge.permission.READ in package com.mobile9.market.ggs

11-13 20:36:54.676   408   488 W PackageManager: Unknown permission com.sec.android.provider.badge.permission.WRITE in package com.mobile9.market.ggs

11-13 20:36:54.676   408   488 W PackageManager: Unknown permission com.htc.launcher.permission.READ_SETTINGS in package com.mobile9.market.ggs

11-13 20:36:54.676   408   488 W PackageManager: Unknown permission com.htc.launcher.permission.UPDATE_SHORTCUT in package com.mobile9.market.ggs

11-13 20:36:54.676   408   488 W PackageManager: Unknown permission com.sonyericsson.home.permission.BROADCAST_BADGE in package com.mobile9.market.ggs

11-13 20:36:54.676   408   488 W PackageManager: Unknown permission com.sonymobile.home.permission.PROVIDER_INSERT_BADGE in package com.mobile9.market.ggs

11-13 20:36:54.676   408   488 W PackageManager: Unknown permission com.anddoes.launcher.permission.UPDATE_COUNT in package com.mobile9.market.ggs

11-13 20:36:54.676   408   488 W PackageManager: Unknown permission com.majeur.launcher.permission.UPDATE_BADGE in package com.mobile9.market.ggs

11-13 20:36:54.676   408   488 W PackageManager: Unknown permission com.huawei.android.launcher.permission.CHANGE_BADGE in package com.mobile9.market.ggs

11-13 20:36:54.676   408   488 W PackageManager: Unknown permission com.huawei.android.launcher.permission.READ_SETTINGS in package com.mobile9.market.ggs

11-13 20:36:54.676   408   488 W PackageManager: Unknown permission com.huawei.android.launcher.permission.WRITE_SETTINGS in package com.mobile9.market.ggs

11-13 20:36:54.676   408   488 W PackageManager: Unknown permission android.permission.READ_APP_BADGE in package com.mobile9.market.ggs

11-13 20:36:54.680   408   488 W PackageManager: Unknown permission com.oppo.launcher.permission.READ_SETTINGS in package com.mobile9.market.ggs

11-13 20:36:54.680   408   488 W PackageManager: Unknown permission com.oppo.launcher.permission.WRITE_SETTINGS in package com.mobile9.market.ggs

11-13 20:36:54.680   408   488 W PackageManager: Unknown permission me.everything.badger.permission.BADGE_COUNT_READ in package com.mobile9.market.ggs

11-13 20:36:54.680   408   488 W PackageManager: Unknown permission me.everything.badger.permission.BADGE_COUNT_WRITE in package com.mobile9.market.ggs

11-13 20:36:54.680   408   488 W PackageManager: Unknown permission com.cyanogenmod.filemanager.permissions.READ_THEME in package com.cyanogenmod.filemanager

11-13 20:36:54.680   408   488 W PackageManager: Unknown permission com.google.android.gallery3d.permission.PICASA_STORE in package com.android.dreams.phototable

11-13 20:36:54.680   408   488 W PackageManager: Unknown permission com.google.android.googleapps.permission.GOOGLE_AUTH in package com.android.settings

11-13 20:36:54.680   408   488 W PackageManager: Unknown permission com.google.android.gallery3d.permission.GALLERY_PROVIDER in package com.android.exchange

11-13 20:36:54.680   408   488 W PackageManager: Unknown permission com.google.android.googleapps.permission.ACCESS_GOOGLE_PASSWORD in package com.android.development

11-13 20:36:54.680   408   488 W PackageManager: Unknown permission com.google.android.googleapps.permission.GOOGLE_AUTH in package com.android.development

11-13 20:36:54.680   408   488 W PackageManager: Unknown permission com.google.android.googleapps.permission.GOOGLE_AUTH.ALL_SERVICES in package com.android.development

11-13 20:36:54.680   408   488 W PackageManager: Unknown permission com.google.android.googleapps.permission.GOOGLE_AUTH.YouTubeUser in package com.android.development

11-13 20:36:54.680   408   488 W PackageManager: Unknown permission com.google.android.gallery3d.permission.GALLERY_PROVIDER in package com.android.email

11-13 20:36:54.680   408   488 W PackageManager: Not granting permission android.permission.DEVICE_POWER to package com.android.deskclock (protectionLevel=2 flags=0x88be45)

11-13 20:36:54.684   408   474 I EventHub: New device: id=3, fd=115, path='/dev/input/event5', name='Genymotion via VirtualBox PS/2 mouse', classes=0x8, configuration='', keyLayout='', keyCharacterMap='', builtinKeyboard=false, usingSuspendBlockIoctl=true, usingClockIoctl=true

11-13 20:36:54.684   408   474 E EventHub: could not get driver version for /dev/input/mouse1, Not a typewriter

11-13 20:36:54.696   408   421 I SystemServer: Wi-Fi Service

11-13 20:36:54.700   408   421 I SystemServer: Connectivity Service

11-13 20:36:54.704   408   474 I EventHub: ignoring event id /dev/input/event4 driver VirtualBox mouse integration

11-13 20:36:54.704   408   421 E MobileDataStateTracker: default: Ignoring feature request because could not acquire PhoneService

11-13 20:36:54.704   408   421 E MobileDataStateTracker: default: Could not enable APN type "default"

11-13 20:36:54.704   408   421 I WifiService: WifiService starting up with Wi-Fi enabled

11-13 20:36:54.704   408   421 I SystemServer: Network Service Discovery Service

11-13 20:36:54.708   408   492 E WifiStateMachine: Failed to reload STA firmware java.lang.IllegalStateException: command '2 softap fwreload eth1 STA' failed with '400 2 Softap operation failed (Success)'

11-13 20:36:54.712   408   504 E WifiHW  : Unable to open connection to supplicant on "eth1": No such file or directory

11-13 20:36:54.712   408   421 I SystemServer: Throttle Service

11-13 20:36:54.712   408   421 I SystemServer: UpdateLock Service

11-13 20:36:54.736   503   503 I wpa_supplicant: Successfully initialized wpa_supplicant

11-13 20:36:54.736   408   421 I SystemServer: Notification Manager

11-13 20:36:54.736   408   421 I SystemServer: Device Storage Monitor

11-13 20:36:54.736   408   421 I SystemServer: Location Manager

11-13 20:36:54.736   408   421 I SystemServer: Country Detector

11-13 20:36:54.736   408   421 I SystemServer: Search Service

11-13 20:36:54.736   408   421 I SystemServer: DropBox Service

11-13 20:36:54.736   408   421 I SystemServer: Wallpaper Service

11-13 20:36:54.744   408   474 I EventHub: New device: id=4, fd=144, path='/dev/input/event1', name='Sleep Button', classes=0x1, configuration='', keyLayout='/system/usr/keylayout/Generic.kl', keyCharacterMap='/system/usr/keychars/Generic.kcm', builtinKeyboard=false, usingSuspendBlockIoctl=true, usingClockIoctl=true

11-13 20:36:54.748   408   474 I EventHub: New device: id=5, fd=148, path='/dev/input/event0', name='Power Button', classes=0x1, configuration='', keyLayout='/system/usr/keylayout/Generic.kl', keyCharacterMap='/system/usr/keychars/Generic.kcm', builtinKeyboard=false, usingSuspendBlockIoctl=true, usingClockIoctl=true

11-13 20:36:54.748   408   474 E EventHub: could not get driver version for /dev/input/mouse0, Not a typewriter

11-13 20:36:54.748   408   421 I SystemServer: Audio Service

11-13 20:36:54.760   408   421 I AudioService:   Remote Control   registerMediaButtonIntent() for PendingIntent{532b3dd4: PendingIntentRecord{532e8044 android broadcastIntent}}

11-13 20:36:54.764   408   421 I SystemServer: Dock Observer

11-13 20:36:54.764   408   421 W DockObserver: This kernel does not have dock station support

11-13 20:36:54.764   408   421 I SystemServer: Wired Accessory Manager

11-13 20:36:54.764   408   421 W WiredAccessoryManager: This kernel does not have wired headset support

11-13 20:36:54.764   408   421 W WiredAccessoryManager: This kernel does not have usb audio support

11-13 20:36:54.764   408   421 W WiredAccessoryManager: This kernel does not have HDMI audio support

11-13 20:36:54.764   408   421 I SystemServer: USB Service

11-13 20:36:54.764   408   421 I SystemServer: Serial Service

11-13 20:36:54.764   408   421 I SystemServer: Twilight Service

11-13 20:36:54.764   408   421 I SystemServer: UI Mode Manager Service

11-13 20:36:54.764   408   421 I SystemServer: Backup Service

11-13 20:36:54.768   408   474 I EventHub: ignoring event id /dev/input/event3 driver ImExPS/2 Generic Explorer Mouse

11-13 20:36:54.780   408   474 I EventHub: New device: id=6, fd=154, path='/dev/input/event2', name='AT Translated Set 2 keyboard', classes=0x3, configuration='', keyLayout='/system/usr/keylayout/AT_Translated_Set_2_keyboard.kl', keyCharacterMap='/system/usr/keychars/Generic.kcm', builtinKeyboard=false, usingSuspendBlockIoctl=true, usingClockIoctl=true

11-13 20:36:54.780   408   474 E EventHub: could not get driver version for /dev/input/mice, Not a typewriter

11-13 20:36:54.792   408   421 I BackupManagerService: Found stale backup journal, scheduling

11-13 20:36:54.792   408   421 I BackupManagerService:   android

11-13 20:36:54.792   408   421 I BackupManagerService:   com.android.browser

11-13 20:36:54.792   408   421 I BackupManagerService:   com.android.calendar

11-13 20:36:54.792   408   421 I BackupManagerService:   com.android.inputmethod.latin

11-13 20:36:54.792   408   421 I BackupManagerService:   com.android.providers.settings

11-13 20:36:54.792   408   421 I BackupManagerService:   com.android.providers.userdictionary

11-13 20:36:54.792   408   421 I BackupManagerService:   com.android.sharedstoragebackup

11-13 20:36:54.792   408   421 I BackupManagerService: Backup enabled => false

11-13 20:36:54.792   408   421 I SystemServer: AppWidget Service

11-13 20:36:54.792   408   421 I SystemServer: Recognition Service

11-13 20:36:54.792   408   421 I SystemServer: DiskStats Service

11-13 20:36:54.792   408   421 I SystemServer: SamplingProfiler Service

11-13 20:36:54.796   408   421 I SystemServer: NetworkTimeUpdateService

11-13 20:36:54.796   408   421 I SystemServer: CommonTimeManagementService

11-13 20:36:54.796   408   421 I SystemServer: CertBlacklister

11-13 20:36:54.796   408   421 I SystemServer: Dreams Service

11-13 20:36:54.796   408   421 I SystemServer: Genyd Service

11-13 20:36:54.836   408   474 I InputReader: Device added: id=-1, name='Virtual', sources=0x00000301

11-13 20:36:54.836   408   474 I InputReader: Device added: id=6, name='AT Translated Set 2 keyboard', sources=0x00000101

11-13 20:36:54.836   408   474 I InputReader: Device added: id=5, name='Power Button', sources=0x00000101

11-13 20:36:54.836   408   474 I InputReader: Device added: id=4, name='Sleep Button', sources=0x00000101

11-13 20:36:54.844   408   474 I InputReader: Device added: id=3, name='Genymotion via VirtualBox PS/2 mouse', sources=0x00002002

11-13 20:36:54.844   408   474 I InputReader:   Touch device 'Genymotion via VirtualBox seamless mouse' could not query the properties of its associated display.  The device will be inoperable until the display size becomes available.

11-13 20:36:54.844   408   474 I InputReader: Device added: id=2, name='Genymotion via VirtualBox seamless mouse', sources=0x00002002

11-13 20:36:54.844   408   474 I InputReader:   Touch device 'Genymotion Virtual Input' could not query the properties of its associated display.  The device will be inoperable until the display size becomes available.

11-13 20:36:54.844   408   474 I InputReader: Device added: id=1, name='Genymotion Virtual Input', sources=0x00001303

11-13 20:36:54.844   408   421 I WindowManager: SAFE MODE not enabled

11-13 20:36:54.844   503   503 I wpa_supplicant: eth1: Trying to associate with SSID 'WiredSSID'

11-13 20:36:54.844   503   503 I wpa_supplicant: eth1: No network configuration found for the current AP

11-13 20:36:54.844   503   503 I wpa_supplicant: eth1: CTRL-EVENT-DISCONNECTED bssid=01:80:c2:00:00:03 reason=0

11-13 20:36:54.844   503   503 I wpa_supplicant: eth1: Associate with key management = 0 - comparing with WPA_NONE 16

11-13 20:36:54.844   503   503 I wpa_supplicant: eth1: Auth timeout 'coz 802.11, assoc_failed=0 ssid->mode=0

11-13 20:36:54.844   503   503 I wpa_supplicant: eth1: Setting authentication timeout: 10 sec 0 usec

11-13 20:36:54.844   408   474 I InputReader: Reconfiguring input devices.  changes=0x00000004

11-13 20:36:54.844   408   474 I InputReader: Device reconfigured: id=1, name='Genymotion Virtual Input', size 768x1280, orientation 0, mode 1, display id 0

11-13 20:36:54.844   408   474 I InputReader: Device reconfigured: id=2, name='Genymotion via VirtualBox seamless mouse', size 768x1280, orientation 0, mode 3, display id 0

11-13 20:36:54.844   408   473 I ActivityManager: Config changes=1478 {1.0 ?mcc?mnc en_US ldltr sw384dp w384dp h567dp 320dpi nrml port ?uimode ?night finger qwerty/v/v dpad/v s.3}

11-13 20:36:54.856   408   421 I Zygote  : Process: zygote socket opened

11-13 20:36:54.856   408   513 W libsuspend: Error writing 'on' to /sys/power/state: Invalid argument

11-13 20:36:54.856   408   513 E libsuspend: Error opening /sys/power/autosleep: No such file or directory

11-13 20:36:54.856   408   513 E libsuspend: Error opening /sys/power/wakeup_count: Permission denied

11-13 20:36:54.856   408   513 E libsuspend: failed to initialize autosuspend

11-13 20:36:54.856   408   421 I ActivityManager: System now ready

11-13 20:36:54.856   408   421 I SystemServer: Making services ready

11-13 20:36:54.860   408   421 I ActivityManager: Start proc com.android.systemui for service com.android.systemui/.SystemUIService: pid=511 uid=10043 gids={50043, 1028, 1015, 3002, 3001}

11-13 20:36:54.860   408   483 W MountService: Duplicate state transition (mounted -> mounted) for /storage/emulated/0

11-13 20:36:54.888   408   417 I StatusBarManagerService: registerStatusBar bar=com.android.internal.statusbar.IStatusBar$Stub$Proxy@53325d3c

11-13 20:36:54.916   511   511 I dalvikvm-heap: Grow heap (frag case) to 3.850MB for 1127532-byte allocation

11-13 20:36:55.020   408   408 I ActivityManager: Start proc android.process.acore for content provider com.android.providers.contacts/.ContactsProvider2: pid=550 uid=10000 gids={50000, 3003, 1015, 1028}

11-13 20:36:55.048   169   169 I keystore: uid: 1000 action: e -> 7 state: 3 -> 3 retry: 4

11-13 20:36:55.108   511   511 W EGL_genymotion: eglSurfaceAttrib not implemented

11-13 20:36:55.136   511   511 W EGL_genymotion: eglSurfaceAttrib not implemented

11-13 20:36:55.144   169   169 I keystore: uid: 1000 action: e -> 7 state: 3 -> 3 retry: 4

11-13 20:36:55.184   408   421 I ActivityManager: Config changes=200 {1.0 ?mcc?mnc en_US ldltr sw384dp w384dp h567dp 320dpi nrml port finger qwerty/v/v dpad/v s.4}

11-13 20:36:55.184   408   421 W RecognitionManagerService: no available voice recognition services found for user 0

11-13 20:36:55.196   408   421 W InputMethodManagerService: Ignoring setImeWindowStatus of uid 1000 token: null

11-13 20:36:55.200   408   421 W ResourceType: Failure getting entry for 0x7f060000 (t=5 e=0) in package 0 (error -75)

11-13 20:36:55.200   408   421 W ResourceType: Failure getting entry for 0x7f060000 (t=5 e=0) in package 0 (error -75)

11-13 20:36:55.200   408   421 W InputMethodManagerService: Found no subtypes in a system IME: com.android.inputmethod.pinyin

11-13 20:36:55.212   408   421 I ActivityManager: Start proc com.android.inputmethod.latin for service com.android.inputmethod.latin/.LatinIME: pid=594 uid=10022 gids={50022, 1028}

11-13 20:36:55.216   408   606 I LocationBlacklist: whitelist: []

11-13 20:36:55.220   408   606 I LocationBlacklist: blacklist: []

11-13 20:36:55.224   408   421 I CommonTimeManagementService: No common time service detected on this platform.  Common time services will be unavailable.

11-13 20:36:55.232   408   474 I InputReader: Reconfiguring input devices.  changes=0x00000020

11-13 20:36:55.232   594   594 I LatinIME: Hardware accelerated drawing: true

11-13 20:36:55.240   408   474 I InputReader: Reconfiguring input devices.  changes=0x00000010

11-13 20:36:55.248   408   609 W ThrottleService: unable to find stats for iface rmnet0

11-13 20:36:55.248   408   421 I ActivityManager: Start proc com.android.phone for added application com.android.phone: pid=611 uid=1001 gids={41001, 3002, 3001, 3003, 1015, 1028}

11-13 20:36:55.252   408   421 I ActivityManager: START u0 {act=android.intent.action.MAIN cat=[android.intent.category.HOME] flg=0x10000000 cmp=com.android.launcher/com.android.launcher2.Launcher} from pid 0

11-13 20:36:55.268   408   421 I ActivityManager: Start proc com.android.launcher for activity com.android.launcher/com.android.launcher2.Launcher: pid=623 uid=10023 gids={50023, 1028}

11-13 20:36:55.268   408   421 I SystemServer: Enabled StrictMode for system server main thread.

11-13 20:36:55.304   408   490 I qtaguid : Failed write_ctrl(s 1 10023) res=-1 errno=1

11-13 20:36:55.304   408   490 W NetworkManagementSocketTagger: setKernelCountSet(10023, 1) failed with errno -1

11-13 20:36:55.312   594   594 W InputAttributes: No editor info for this field. Bug?

11-13 20:36:55.316   408   554 W ResourceType: Failure getting entry for 0x7f060000 (t=5 e=0) in package 0 (error -75)

11-13 20:36:55.316   408   554 W ResourceType: Failure getting entry for 0x7f060000 (t=5 e=0) in package 0 (error -75)

11-13 20:36:55.316   408   554 W InputMethodManagerService: Found no subtypes in a system IME: com.android.inputmethod.pinyin

11-13 20:36:55.332   594   648 E BinaryDictionaryGetter: Could not find a dictionary pack

11-13 20:36:55.332   594   648 E ActivityThread: Failed to find provider info for com.android.inputmethod.latin.dictionarypack

11-13 20:36:55.360   611   611 W TelephonyProvider: onCreate: confFile=/system/etc/apns-conf.xml oldCheckSum=-1

11-13 20:36:55.368   594   655 E UserHistoryDictionary: when loading: file not foundjava.io.FileNotFoundException: /data/data/com.android.inputmethod.latin/files/UserHistoryDictionary.en_US.dict: open failed: ENOENT (No such file or directory)

11-13 20:36:55.412   611   611 W Settings: Setting airplane_mode_on has moved from android.provider.Settings.System to android.provider.Settings.Global, returning read-only value.

11-13 20:36:55.412   611   611 W Settings: Setting auto_time has moved from android.provider.Settings.System to android.provider.Settings.Global, returning read-only global URI.

11-13 20:36:55.412   611   611 W Settings: Setting auto_time_zone has moved from android.provider.Settings.System to android.provider.Settings.Global, returning read-only global URI.

11-13 20:36:55.420   408   606 W ServiceWatcher: com.google.android.location not found

11-13 20:36:55.420   408   606 W ServiceWatcher: com.google.android.location not found

11-13 20:36:55.420   408   606 W ServiceWatcher: com.google.android.location not found

11-13 20:36:55.420   408   606 W LocationManagerService: no network location provider found

11-13 20:36:55.424   408   554 I ActivityManager: Start proc com.android.smspush for service com.android.smspush/.WapPushManager: pid=662 uid=10048 gids={50048, 1028}

11-13 20:36:55.540   408   606 I ActivityManager: Start proc com.android.location.fused for service com.android.location.fused/.FusedLocationService: pid=683 uid=10018 gids={50018, 1028}

11-13 20:36:55.548   611   611 E BluetoothPhoneService: Could not get a handle on Connection object for the call

11-13 20:36:55.548   611   611 I PhoneApp: Headset phone created, binding local service.

11-13 20:36:55.552   408   606 W ServiceWatcher: com.google.android.location not found

11-13 20:36:55.564   611   611 W Settings: Setting auto_time_zone has moved from android.provider.Settings.System to android.provider.Settings.Global, returning read-only value.

11-13 20:36:55.608   623   623 W EGL_genymotion: eglSurfaceAttrib not implemented

11-13 20:36:55.620   408   606 E LocationManagerService: no geocoder provider found

11-13 20:36:55.624   408   606 E GpsLocationProvider: no AGPS interface in agps_data_conn_open

11-13 20:36:55.632   408   692 I WifiService: WifiService trying to set country code to us with persist set to true

11-13 20:36:55.632   408   554 I ActivityManager: Config changes=1403 {1.0 310mcc270mnc en_US ldltr sw384dp w384dp h567dp 320dpi nrml port finger qwerty/v/v dpad/v s.5}

11-13 20:36:55.672   408   408 I WifiService: WifiService trying to set country code to us with persist set to true

11-13 20:36:55.676   408   554 I ActivityManager: Config changes=1400 {1.0 310mcc270mnc en_US ldltr sw384dp w384dp h567dp 320dpi nrml port finger qwerty/v/v dpad/v s.6}

11-13 20:36:55.712   623   654 W Launcher.Model: LoaderTask running with no launcher (loadAllAppsByBatch)

11-13 20:36:55.812   408   421 I AudioService:   Remote Control   registerMediaButtonIntent() for PendingIntent{532c7a14: PendingIntentRecord{532e8044 android broadcastIntent}}

11-13 20:36:55.852   623   623 W EGL_genymotion: eglSurfaceAttrib not implemented

11-13 20:36:55.852   408   408 I ActivityManager: Start proc com.android.settings for broadcast com.android.settings/.widget.SettingsAppWidgetProvider: pid=778 uid=1000 gids={41000, 1015, 1028, 3002, 3001, 3003}

11-13 20:36:55.892   683   683 I FusedLocation: engine started (com.android.location.fused)

11-13 20:36:55.944   503   503 I wpa_supplicant: eth1: Trying to associate with 01:80:c2:00:00:03 (SSID='WiredSSID' freq=2412 MHz)

11-13 20:36:55.944   503   503 I wpa_supplicant: eth1: Associated with 01:80:c2:00:00:03

11-13 20:36:55.944   503   503 I wpa_supplicant: eth1: Cancelling authentication timeout

11-13 20:36:55.944   503   503 I wpa_supplicant: eth1: CTRL-EVENT-CONNECTED - Connection to 01:80:c2:00:00:03 completed (auth) [id=0 id_str=]

11-13 20:36:55.944   503   503 I wpa_supplicant: eth1: Associate with key management = 4 - comparing with WPA_NONE 16

11-13 20:36:55.944   503   503 I wpa_supplicant: eth1: Auth timeout 'coz 802.11, assoc_failed=0 ssid->mode=0

11-13 20:36:55.944   503   503 I wpa_supplicant: eth1: Setting authentication timeout: 10 sec 0 usec

11-13 20:36:55.948   408   423 I ActivityManager: Displayed com.android.launcher/com.android.launcher2.Launcher: +696ms

11-13 20:36:55.948   408   475 I ActivityManager: Start proc com.android.bluetooth for service com.android.bluetooth/.btservice.AdapterService: pid=794 uid=1002 gids={41002, 3003, 3002, 3001, 1015, 3005, 1016, 3008, 1028}

11-13 20:36:55.952   408   492 E WifiConfigStore: Error parsing configurationjava.io.FileNotFoundException: /data/misc/wifi/ipconfig.txt: open failed: ENOENT (No such file or directory)

11-13 20:36:55.952   503   503 E wpa_supplicant: Line -1: too long model_name (len=40 max_len=32)

11-13 20:36:55.952   503   503 E wpa_supplicant: Line -1: failed to parse 'model_name=Custom Phone - 4.2.2 - API 17 - 768x1280'.

11-13 20:36:55.952   408   492 E WifiStateMachine: Failed to set model name Custom Phone - 4.2.2 - API 17 - 768x1280

11-13 20:36:55.952   503   503 E wpa_supplicant: Line -1: too long model_number (len=40 max_len=32)

11-13 20:36:55.952   503   503 E wpa_supplicant: Line -1: failed to parse 'model_number=Custom Phone - 4.2.2 - API 17 - 768x1280'.

11-13 20:36:55.952   408   492 E WifiStateMachine: Failed to set model number Custom Phone - 4.2.2 - API 17 - 768x1280

11-13 20:36:55.964   166   166 E WVMExtractor: Failed to open libwvm.so

11-13 20:36:55.968   408   421 W ContextImpl: Calling a method in the system process without a qualified user: android.app.ContextImpl.bindService:1414 android.bluetooth.BluetoothHeadset.<init>:273 android.bluetooth.BluetoothAdapter.getProfileProxy:1155 android.media.AudioService.getBluetoothHeadset:2111 android.media.AudioService.access$2700:100 

11-13 20:36:55.968   408   421 W ContextImpl: Calling a method in the system process without a qualified user: android.app.ContextImpl.bindService:1414 android.bluetooth.BluetoothA2dp.<init>:160 android.bluetooth.BluetoothAdapter.getProfileProxy:1158 android.media.AudioService$AudioServiceBroadcastReceiver.onReceive:3935 android.app.LoadedApk$ReceiverDispatcher$Args.run:758 

11-13 20:36:56.008   166   166 E WVMExtractor: Failed to open libwvm.so

11-13 20:36:56.032   408   492 E WifiStateMachine: Failed to set country code us

11-13 20:36:56.032   408   492 E WifiStateMachine: Failed to set country code us

11-13 20:36:56.032   408   492 E WifiStateMachine: Failed to set country code us

11-13 20:36:56.032   408   492 E WifiStateMachine: Failed to set frequency band 0

11-13 20:36:56.036   778   778 W ContextImpl: Calling a method in the system process without a qualified user: android.app.ContextImpl.bindService:1414 android.content.ContextWrapper.bindService:473 android.bluetooth.BluetoothInputDevice.<init>:240 android.bluetooth.BluetoothAdapter.getProfileProxy:1161 com.android.settings.bluetooth.LocalBluetoothAdapter.getProfileProxy:94 

11-13 20:36:56.040   778   778 W ContextImpl: Calling a method in the system process without a qualified user: android.app.ContextImpl.bindService:1414 android.content.ContextWrapper.bindService:473 android.bluetooth.BluetoothPan.<init>:141 android.bluetooth.BluetoothAdapter.getProfileProxy:1164 com.android.settings.bluetooth.PanProfile.<init>:73 

11-13 20:36:56.040   778   778 W ContextImpl: Calling a method in the system process without a qualified user: android.app.ContextImpl.bindService:1414 android.content.ContextWrapper.bindService:473 android.bluetooth.BluetoothPbap.<init>:161 com.android.settings.bluetooth.PbapServerProfile.<init>:68 com.android.settings.bluetooth.LocalBluetoothProfileManager.<init>:124 

11-13 20:36:56.044   623   623 I dalvikvm-heap: Grow heap (frag case) to 5.192MB for 921612-byte allocation

11-13 20:36:56.060   408   690 I ActivityManager: Start proc com.android.music for broadcast com.android.music/.MediaButtonIntentReceiver: pid=834 uid=10029 gids={50029, 3003, 1015, 1028}

11-13 20:36:56.072   623   623 I dalvikvm-heap: Grow heap (frag case) to 6.065MB for 921612-byte allocation

11-13 20:36:56.080   623   623 I dalvikvm-heap: Grow heap (frag case) to 6.945MB for 921612-byte allocation

11-13 20:36:56.084   511   511 I dalvikvm-heap: Grow heap (frag case) to 16.395MB for 9830412-byte allocation

11-13 20:36:56.088   834   834 I dalvikvm: Turning on JNI app bug workarounds for target SDK version 9...

11-13 20:36:56.100   166   166 E WVMExtractor: Failed to open libwvm.so

11-13 20:36:56.112   794   794 I bluedroid: init

11-13 20:36:56.112   794   794 E bt-btif : /data/misc/bluedroid/ does not exist, need provision

11-13 20:36:56.112   794   794 E bt-btif : ## btif_config_get assert section && *section && key && *key && name && *name && bytes && type failed at line:182 ##

11-13 20:36:56.112   794   794 I bte_conf: Attempt to load stack conf from /etc/bluetooth/bt_stack.conf

11-13 20:36:56.116   794   794 I bluedroid: get_profile_interface socket

11-13 20:36:56.132   794   848 E bt-btif : btif_config_save_file failed

11-13 20:36:56.132   794   848 E bt-btif : btif_config_save_file failed

11-13 20:36:56.132   794   849 I GKI_LINUX: gki_task_entry: gki_task_entry task_id=1 [BTIF] starting

11-13 20:36:56.144   794   852 I BluetoothBondStateMachine: StableState(): Entering Off State

11-13 20:36:56.148   408   417 I ActivityManager: Start proc com.android.deskclock for broadcast com.android.deskclock/com.android.alarmclock.AnalogAppWidgetProvider: pid=855 uid=10012 gids={50012, 1028}

11-13 20:36:56.152   794   794 I BluetoothHeadsetServiceJni: classInitNative: succeeds

11-13 20:36:56.152   408   554 I AudioService:   Remote Control   registerMediaButtonIntent() for PendingIntent{53355b58: PendingIntentRecord{53355110 com.android.music broadcastIntent}}

11-13 20:36:56.164   166   166 E WVMExtractor: Failed to open libwvm.so

11-13 20:36:56.168   794   794 I bluedroid: get_profile_interface handsfree

11-13 20:36:56.168   794   794 E bt-btif : btif_enable_service: current services:0x40

11-13 20:36:56.172   794   794 I BluetoothA2dpServiceJni: classInitNative: succeeds

11-13 20:36:56.184   794   794 I bluedroid: get_profile_interface a2dp

11-13 20:36:56.184   794   871 I GKI_LINUX: gki_task_entry: gki_task_entry task_id=2 [A2DP-MEDIA] starting

11-13 20:36:56.188   794   794 E bt-btif : btif_enable_service: current services:0x40040

11-13 20:36:56.188   408   692 I ActivityManager: Start proc android.process.media for content provider com.android.providers.media/.MediaProvider: pid=865 uid=10015 gids={50015, 1015, 1023, 1024, 1028, 1006, 2001, 3003, 3007}

11-13 20:36:56.196   794   794 I BluetoothHidServiceJni: classInitNative: succeeds

11-13 20:36:56.200   794   794 I bluedroid: get_profile_interface hidhost

11-13 20:36:56.200   794   794 E bt-btif : btif_enable_service: current services:0x140040

11-13 20:36:56.204   794   794 I BluetoothHealthServiceJni: classInitNative: succeeds

11-13 20:36:56.216   794   794 I bluedroid: get_profile_interface health

11-13 20:36:56.216   794   794 I BluetoothPanServiceJni: classInitNative(L105): succeeds

11-13 20:36:56.224   794   794 I bluedroid: get_profile_interface pan

11-13 20:36:56.224   794   846 I bluedroid: enable

11-13 20:36:56.228   794   846 I bt_hci_bdroid: init

11-13 20:36:56.228   794   846 E bt_hw   : !!! Failed to load libbt-vendor.so !!!

11-13 20:36:56.228   794   846 E bt_hci_bdroid: vendor lib is missing!

11-13 20:36:56.228   794   846 E bt_hci_bdroid: vendor lib is missing!

11-13 20:36:56.240   794   881 I GKI_LINUX: gki_task_entry: gki_task_entry task_id=0 [BTU] starting

11-13 20:36:56.240   794   880 I bt_hci_bdroid: bt_hc_worker_thread started

11-13 20:36:56.240   794   880 E bt_userial: userial_open: missing vendor lib interface !!!

11-13 20:36:56.240   794   880 E bt_userial: userial_open: unable to open UART port

11-13 20:36:56.244   794   881 I         : BTE_InitTraceLevels -- TRC_HCI

11-13 20:36:56.248   794   881 I         : BTE_InitTraceLevels -- TRC_L2CAP

11-13 20:36:56.248   794   881 I         : BTE_InitTraceLevels -- TRC_RFCOMM

11-13 20:36:56.248   794   881 I         : BTE_InitTraceLevels -- TRC_AVDT

11-13 20:36:56.248   794   881 I         : BTE_InitTraceLevels -- TRC_AVRC

11-13 20:36:56.248   794   881 I         : BTE_InitTraceLevels -- TRC_A2D

11-13 20:36:56.248   794   881 I         : BTE_InitTraceLevels -- TRC_BNEP

11-13 20:36:56.248   794   881 I         : BTE_InitTraceLevels -- TRC_BTM

11-13 20:36:56.248   794   881 I         : BTE_InitTraceLevels -- TRC_PAN

11-13 20:36:56.248   794   881 I         : BTE_InitTraceLevels -- TRC_SDP

11-13 20:36:56.248   794   881 I         : BTE_InitTraceLevels -- TRC_BTAPP

11-13 20:36:56.248   794   881 I         : BTE_InitTraceLevels -- TRC_BTIF

11-13 20:36:56.320   408   418 I ActivityManager: Start proc com.android.contacts for broadcast com.android.contacts/.calllog.CallLogReceiver: pid=897 uid=10000 gids={50000, 3003, 1015, 1028}

11-13 20:36:56.352   166   166 E WVMExtractor: Failed to open libwvm.so

11-13 20:36:56.420   408   938 I RecoverySystem: No recovery log file

11-13 20:36:56.432   408   421 I ActivityManager: Start proc com.android.providers.calendar for broadcast com.android.providers.calendar/.CalendarReceiver: pid=940 uid=10007 gids={50007, 3003, 1015, 1028}

11-13 20:36:56.436   511   511 I dalvikvm-heap: Grow heap (frag case) to 22.134MB for 6869836-byte allocation

11-13 20:36:56.448   865   947 I DownloadManager: in removeSpuriousFiles

11-13 20:36:56.576   439   450 I SurfaceFlinger: Boot is finished (3022 ms)

11-13 20:36:56.576   408   423 I ActivityManager: Config changes=1400 {1.0 310mcc270mnc en_US ldltr sw384dp w384dp h567dp 320dpi nrml port finger qwerty/v/v dpad/v s.7}

11-13 20:36:56.632   408   408 I ActivityManager: Start proc com.android.email for broadcast com.android.email/.service.EmailBroadcastReceiver: pid=966 uid=10016 gids={50016, 3003, 1015, 1028}

11-13 20:36:56.712   897   983 I AccountTypeManager: Loaded meta-data for 1 account types, 0 accounts in 7ms(wall) 1ms(cpu)

11-13 20:36:56.724   408   464 I PowerManagerService: Boot animation finished.

11-13 20:36:56.764   408   417 I ActivityManager: Start proc com.android.exchange for service com.android.exchange/.ExchangeService: pid=984 uid=10017 gids={50017, 3003, 1015, 1028}

11-13 20:36:56.856   623   654 I dalvikvm-heap: Grow heap (frag case) to 7.731MB for 640012-byte allocation

11-13 20:36:56.872   408   408 W ActivityManager: Unable to start service Intent { cmp=com.android.email/.service.AttachmentDownloadService } U=0: not found

11-13 20:36:56.884   408   690 W ActivityManager: Unable to start service Intent { cmp=com.android.email/.service.AttachmentDownloadService } U=0: not found

11-13 20:36:56.932   408   690 I ActivityManager: Start proc com.android.mms for broadcast com.android.mms/.transaction.MmsSystemEventReceiver: pid=1023 uid=10028 gids={50028, 3003, 1015, 1028}

11-13 20:36:56.932   408   417 W ActivityManager: Unable to start service Intent { cmp=com.android.email/.service.AttachmentDownloadService } U=0: not found

11-13 20:36:57.008   408   690 I ActivityManager: Start proc com.genymotion.superuser for broadcast com.genymotion.superuser/com.koushikdutta.superuser.SuCheckerReceiver: pid=1054 uid=10042 gids={50042, 1028}

11-13 20:36:57.048   408   690 I ActivityManager: Start proc com.android.voicedialer for broadcast com.android.voicedialer/.VoiceDialerReceiver: pid=1068 uid=10046 gids={50046, 3002, 1028}

11-13 20:36:57.052   408   554 I dalvikvm-heap: Grow heap (frag case) to 5.151MB for 143310-byte allocation

11-13 20:36:57.072  1054  1066 I Superuser: Result: 14 com.genymotion.superuser

11-13 20:36:57.072   408  1077 I dalvikvm-heap: Grow heap (frag case) to 5.181MB for 132782-byte allocation

11-13 20:36:57.104   408   554 I ActivityManager: Start proc com.mobile9.market.ggs for broadcast com.mobile9.market.ggs/com.onesignal.BootUpReceiver: pid=1083 uid=10052 gids={50052, 3003, 1028, 1015}

11-13 20:36:57.156  1083  1083 I FirebaseInitProvider: FirebaseApp initialization unsuccessful

11-13 20:36:57.184  1083  1083 I dalvikvm: Could not find method android.content.pm.PackageManager.getPackageInstaller, referenced from method com.google.android.gms.common.o.zzy

11-13 20:36:57.184  1083  1083 W dalvikvm: VFY: unable to resolve virtual method 971: Landroid/content/pm/PackageManager;.getPackageInstaller ()Landroid/content/pm/PackageInstaller;

11-13 20:36:57.184  1083  1083 I dalvikvm: Could not find method android.os.UserManager.getApplicationRestrictions, referenced from method com.google.android.gms.common.o.zzy

11-13 20:36:57.184  1083  1083 W dalvikvm: VFY: unable to resolve virtual method 2035: Landroid/os/UserManager;.getApplicationRestrictions (Ljava/lang/String;)Landroid/os/Bundle;

11-13 20:36:57.184  1083  1083 I GAv4    : Google Analytics 11.0.11 is starting up. To enable debug logging on a device run:

11-13 20:36:57.184  1083  1083 I GAv4    :   adb shell setprop log.tag.GAv4 DEBUG

11-13 20:36:57.184  1083  1083 I GAv4    :   adb logcat -s GAv4

11-13 20:36:57.188  1083  1083 I dalvikvm: Could not find method android.content.res.Resources.getDrawable, referenced from method mobile9.util.ResourcesUtil.b

11-13 20:36:57.188  1083  1083 W dalvikvm: VFY: unable to resolve virtual method 1024: Landroid/content/res/Resources;.getDrawable (ILandroid/content/res/Resources$Theme;)Landroid/graphics/drawable/Drawable;

11-13 20:36:57.188  1083  1083 I dalvikvm: Could not find method android.content.res.Resources.getColor, referenced from method mobile9.util.ResourcesUtil.c

11-13 20:36:57.188  1083  1083 W dalvikvm: VFY: unable to resolve virtual method 1016: Landroid/content/res/Resources;.getColor (ILandroid/content/res/Resources$Theme;)I

11-13 20:36:57.224  1083  1108 E dalvikvm: Could not find class 'android.app.AppOpsManager', referenced from method com.google.android.gms.internal.vk.a

11-13 20:36:57.228  1083  1108 W dalvikvm: VFY: unable to resolve check-cast 66 (Landroid/app/AppOpsManager;) in Lcom/google/android/gms/internal/vk;

11-13 20:36:57.240  1083  1083 I CrashlyticsCore: Initializing Crashlytics 2.3.17.dev

11-13 20:36:57.248  1083  1113 W GooglePlayServicesUtil: Google Play Store is missing.

11-13 20:36:57.376  1083  1121 W GooglePlayServicesUtil: Google Play Store is missing.

11-13 20:36:57.380   408   417 W ActivityManager: Unable to start service Intent { act=com.google.android.gms.ads.identifier.service.START pkg=com.google.android.gms } U=0: not found

11-13 20:36:57.740   940   940 I CalendarProvider2: Sending notification intent: Intent { act=android.intent.action.PROVIDER_CHANGED dat=content://com.android.calendar }

11-13 20:36:57.740   940   940 W ContentResolver: Failed to get type for: content://com.android.calendar (Unknown URL content://com.android.calendar)

11-13 20:36:57.748   408   424 I ActivityManager: Start proc com.android.calendar for broadcast com.android.calendar/.alerts.AlertReceiver: pid=1123 uid=10006 gids={50006, 3003, 1028}

11-13 20:37:00.090   408   606 W DebugConnManager: getNetworkInfo() on networkType 0

11-13 20:37:00.302   408   475 E BluetoothManagerService: waitForOnOff time out

11-13 20:37:00.318   794   846 I BluetoothAdapterState: CURRENT_STATE=PENDING: Deferring request USER_TURN_OFF

11-13 20:37:00.846   408   606 W DebugConnManager: getNetworkInfo() on networkType 1

11-13 20:37:00.862   408   606 W DebugConnManager: getNetworkInfo() on networkType 1

11-13 20:37:00.870   408   606 W DebugConnManager: getNetworkInfo() on networkType 0

11-13 20:37:00.870   408   606 W DebugConnManager: getNetworkInfo() on networkType 1

11-13 20:37:03.326   408   475 E BluetoothManagerService: waitForOnOff time out

11-13 20:37:03.326   794   849 I GKI_LINUX: gki_task_entry: gki_task task_id=1 [BTIF] terminating

11-13 20:37:03.326   794   794 I GKI_LINUX: GKI_exit_task: GKI_exit_task 1 done

11-13 20:37:03.326   794   794 I GKI_LINUX: GKI_destroy_task: GKI_shutdown(): task [BTIF] terminated

11-13 20:37:03.326   794   871 I GKI_LINUX: gki_task_entry: gki_task task_id=2 [A2DP-MEDIA] terminating

11-13 20:37:03.326   794   794 I GKI_LINUX: GKI_exit_task: GKI_exit_task 2 done

11-13 20:37:03.326   794   881 I GKI_LINUX: gki_task_entry: gki_task task_id=0 [BTU] terminating

11-13 20:37:03.326   794   794 I GKI_LINUX: GKI_exit_task: GKI_exit_task 0 done

11-13 20:37:03.326   794   794 I BluetoothServiceJni: cleanupNative: return from cleanup

11-13 20:37:14.302   408   457 I ActivityManager: Start proc com.android.defcontainer for service com.android.defcontainer/.DefaultContainerService: pid=1167 uid=10011 gids={50011, 1015, 2001, 1028}

11-13 20:37:14.314   408   457 W ActivityManager: No content provider found for permission revoke: file:///data/local/tmp/LogcatExtreme1.60.apk

11-13 20:37:14.322   408   457 W ActivityManager: No content provider found for permission revoke: file:///data/local/tmp/LogcatExtreme1.60.apk

11-13 20:37:14.322   408   457 I PackageManager: Copying native libraries to /data/app-lib/vmdl-1172864083

11-13 20:37:14.490   408   457 I PackageManager: Running dexopt on: scd.lcex

11-13 20:37:14.554  1181  1181 W dalvikvm: method Landroid/support/v7/internal/widget/ListViewCompat;.lookForSelectablePosition incorrectly overrides package-private method with same name in Landroid/widget/ListView;

11-13 20:37:14.578  1181  1181 I dalvikvm: DexOpt: access denied from Landroid/support/v4/app/NotificationCompatKitKat; to field Landroid/app/Notification;.actions

11-13 20:37:14.690   408   424 I ActivityManager: Force stopping package scd.lcex appid=10053 user=-1

11-13 20:37:14.698   408   457 W PackageManager: Not granting permission android.permission.READ_LOGS to package scd.lcex (protectionLevel=50 flags=0x8be44)

11-13 20:37:14.714   408   474 I InputReader: Reconfiguring input devices.  changes=0x00000010

11-13 20:37:14.722   897   983 I AccountTypeManager: Loaded meta-data for 1 account types, 0 accounts in 0ms(wall) 0ms(cpu)

11-13 20:37:14.734   408   461 W ResourceType: Failure getting entry for 0x7f060000 (t=5 e=0) in package 0 (error -75)

11-13 20:37:14.738   408   461 W ResourceType: Failure getting entry for 0x7f060000 (t=5 e=0) in package 0 (error -75)

11-13 20:37:14.738   408   417 I ActivityManager: Start proc com.android.musicfx for broadcast com.android.musicfx/.Compatibility$Receiver: pid=1182 uid=10030 gids={50030, 3003, 3002, 1028}

11-13 20:37:14.742   408   461 W InputMethodManagerService: Found no subtypes in a system IME: com.android.inputmethod.pinyin

11-13 20:37:14.754   408   408 I ActivityManager: Start proc com.svox.pico for broadcast com.svox.pico/.VoiceDataInstallerReceiver: pid=1195 uid=10036 gids={50036, 1015, 1028}

11-13 20:37:14.762   408   461 W RecognitionManagerService: no available voice recognition services found for user 0

11-13 20:37:14.778   408   554 I ActivityManager: Start proc com.android.quicksearchbox for broadcast com.android.quicksearchbox/.CorporaUpdateReceiver: pid=1209 uid=10039 gids={50039, 3003, 1028}

11-13 20:37:16.826   408   690 I ActivityManager: START u0 {flg=0x10000000 cmp=scd.lcex/.ActivityMain} from pid 1227

11-13 20:37:16.854   408   690 I dalvikvm-heap: Grow heap (frag case) to 5.404MB for 380492-byte allocation

11-13 20:37:16.870   408   554 I ActivityManager: Start proc scd.lcex for activity scd.lcex/.ActivityMain: pid=1237 uid=10053 gids={50053, 1028, 1015}

11-13 20:37:16.886   408   490 I qtaguid : Failed write_ctrl(s 1 10053) res=-1 errno=1

11-13 20:37:16.886   408   490 W NetworkManagementSocketTagger: setKernelCountSet(10053, 1) failed with errno -1

11-13 20:37:16.894  1237  1237 I dalvikvm: Could not find method android.provider.Settings.canDrawOverlays, referenced from method scd.lcex.ActivityMain.checkDrawOverlaysPermission

11-13 20:37:16.894  1237  1237 W dalvikvm: VFY: unable to resolve static method 1259: Landroid/provider/Settings;.canDrawOverlays (Landroid/content/Context;)Z

11-13 20:37:16.910  1237  1237 W dalvikvm: VFY: unable to find class referenced in signature (Landroid/view/SearchEvent;)

11-13 20:37:16.910  1237  1237 I dalvikvm: Could not find method android.view.Window$Callback.onSearchRequested, referenced from method android.support.v7.internal.view.WindowCallbackWrapper.onSearchRequested

11-13 20:37:16.910  1237  1237 W dalvikvm: VFY: unable to resolve interface method 18860: Landroid/view/Window$Callback;.onSearchRequested (Landroid/view/SearchEvent;)Z

11-13 20:37:16.910  1237  1237 I dalvikvm: Could not find method android.view.Window$Callback.onWindowStartingActionMode, referenced from method android.support.v7.internal.view.WindowCallbackWrapper.onWindowStartingActionMode

11-13 20:37:16.910  1237  1237 W dalvikvm: VFY: unable to resolve interface method 18864: Landroid/view/Window$Callback;.onWindowStartingActionMode (Landroid/view/ActionMode$Callback;I)Landroid/view/ActionMode;

11-13 20:37:16.934  1237  1237 I dalvikvm: Could not find method android.content.res.TypedArray.getChangingConfigurations, referenced from method android.support.v7.internal.widget.TintTypedArray.getChangingConfigurations

11-13 20:37:16.934  1237  1237 W dalvikvm: VFY: unable to resolve virtual method 494: Landroid/content/res/TypedArray;.getChangingConfigurations ()I

