11-13 20:36:47.572   164   164 W Resources: Preloaded drawable resource #0x10804f9 (android:drawable/spinner_76_outer_holo) that varies with configuration!!

11-13 20:36:47.576   164   164 W Resources: Preloaded drawable resource #0x10804f8 (android:drawable/spinner_76_inner_holo) that varies with configuration!!

11-13 20:36:47.580   164   164 W Resources: Preloaded drawable resource #0x1080479 (android:drawable/progress_bg_holo_dark) that varies with configuration!!

11-13 20:36:47.580   164   164 W Resources: Preloaded drawable resource #0x108047a (android:drawable/progress_bg_holo_light) that varies with configuration!!

11-13 20:36:47.580   164   164 W Resources: Preloaded drawable resource #0x1080479 (android:drawable/progress_bg_holo_dark) that varies with configuration!!

11-13 20:36:47.580   164   164 W Resources: Preloaded drawable resource #0x1080486 (android:drawable/progress_secondary_holo_dark) that varies with configuration!!

11-13 20:36:47.580   164   164 W Resources: Preloaded drawable resource #0x1080484 (android:drawable/progress_primary_holo_dark) that varies with configuration!!

11-13 20:36:47.580   164   164 W Resources: Preloaded drawable resource #0x1080479 (android:drawable/progress_bg_holo_dark) that varies with configuration!!

11-13 20:36:47.580   164   164 W Resources: Preloaded drawable resource #0x108047a (android:drawable/progress_bg_holo_light) that varies with configuration!!

11-13 20:36:47.580   164   164 W Resources: Preloaded drawable resource #0x1080487 (android:drawable/progress_secondary_holo_light) that varies with configuration!!

11-13 20:36:47.580   164   164 W Resources: Preloaded drawable resource #0x1080485 (android:drawable/progress_primary_holo_light) that varies with configuration!!

11-13 20:36:47.580   164   164 W Resources: Preloaded drawable resource #0x108047a (android:drawable/progress_bg_holo_light) that varies with configuration!!

11-13 20:36:47.580   164   164 W Resources: Preloaded drawable resource #0x108048f (android:drawable/progressbar_indeterminate_holo1) that varies with configuration!!

11-13 20:36:47.580   164   164 W Resources: Preloaded drawable resource #0x1080490 (android:drawable/progressbar_indeterminate_holo2) that varies with configuration!!

11-13 20:36:47.580   164   164 W Resources: Preloaded drawable resource #0x1080491 (android:drawable/progressbar_indeterminate_holo3) that varies with configuration!!

11-13 20:36:47.580   164   164 W Resources: Preloaded drawable resource #0x1080492 (android:drawable/progressbar_indeterminate_holo4) that varies with configuration!!

11-13 20:36:47.584   164   164 W Resources: Preloaded drawable resource #0x1080493 (android:drawable/progressbar_indeterminate_holo5) that varies with configuration!!

11-13 20:36:47.584   164   164 W Resources: Preloaded drawable resource #0x1080494 (android:drawable/progressbar_indeterminate_holo6) that varies with configuration!!

11-13 20:36:47.584   164   164 W Resources: Preloaded drawable resource #0x1080495 (android:drawable/progressbar_indeterminate_holo7) that varies with configuration!!

11-13 20:36:47.584   164   164 W Resources: Preloaded drawable resource #0x1080496 (android:drawable/progressbar_indeterminate_holo8) that varies with configuration!!

11-13 20:36:47.584   164   164 W Resources: Preloaded drawable resource #0x1080496 (android:drawable/progressbar_indeterminate_holo8) that varies with configuration!!

11-13 20:36:47.588   164   164 W Resources: Preloaded drawable resource #0x10804f9 (android:drawable/spinner_76_outer_holo) that varies with configuration!!

11-13 20:36:47.588   164   164 W Resources: Preloaded drawable resource #0x10804f8 (android:drawable/spinner_76_inner_holo) that varies with configuration!!

11-13 20:36:47.588   164   164 W Resources: Preloaded drawable resource #0x10804f8 (android:drawable/spinner_76_inner_holo) that varies with configuration!!

11-13 20:36:47.592   164   164 W Resources: Preloaded drawable resource #0x10804f7 (android:drawable/spinner_48_outer_holo) that varies with configuration!!

11-13 20:36:47.592   164   164 W Resources: Preloaded drawable resource #0x10804f6 (android:drawable/spinner_48_inner_holo) that varies with configuration!!

11-13 20:36:47.592   164   164 W Resources: Preloaded drawable resource #0x10804f6 (android:drawable/spinner_48_inner_holo) that varies with configuration!!

11-13 20:36:47.596   164   164 W Resources: Preloaded drawable resource #0x1080484 (android:drawable/progress_primary_holo_dark) that varies with configuration!!

11-13 20:36:47.596   164   164 W Resources: Preloaded drawable resource #0x1080485 (android:drawable/progress_primary_holo_light) that varies with configuration!!

11-13 20:36:47.596   164   164 W Resources: Preloaded drawable resource #0x1080486 (android:drawable/progress_secondary_holo_dark) that varies with configuration!!

11-13 20:36:47.596   164   164 W Resources: Preloaded drawable resource #0x1080487 (android:drawable/progress_secondary_holo_light) that varies with configuration!!

11-13 20:36:47.596   164   164 W Resources: Preloaded drawable resource #0x10804f3 (android:drawable/spinner_16_outer_holo) that varies with configuration!!

11-13 20:36:47.596   164   164 W Resources: Preloaded drawable resource #0x10804f2 (android:drawable/spinner_16_inner_holo) that varies with configuration!!

11-13 20:36:47.596   164   164 W Resources: Preloaded drawable resource #0x10804f2 (android:drawable/spinner_16_inner_holo) that varies with configuration!!

11-13 20:36:47.596   164   164 W Resources: Preloaded drawable resource #0x10804e3 (android:drawable/scrubber_track_holo_dark) that varies with configuration!!

11-13 20:36:47.596   164   164 W Resources: Preloaded drawable resource #0x10804e2 (android:drawable/scrubber_secondary_holo) that varies with configuration!!

11-13 20:36:47.596   164   164 W Resources: Preloaded drawable resource #0x10804df (android:drawable/scrubber_primary_holo) that varies with configuration!!

11-13 20:36:47.596   164   164 W Resources: Preloaded drawable resource #0x10804e3 (android:drawable/scrubber_track_holo_dark) that varies with configuration!!

11-13 20:36:47.596   164   164 W Resources: Preloaded drawable resource #0x10804e4 (android:drawable/scrubber_track_holo_light) that varies with configuration!!

11-13 20:36:47.596   164   164 W Resources: Preloaded drawable resource #0x10804e2 (android:drawable/scrubber_secondary_holo) that varies with configuration!!

11-13 20:36:47.596   164   164 W Resources: Preloaded drawable resource #0x10804df (android:drawable/scrubber_primary_holo) that varies with configuration!!

11-13 20:36:47.596   164   164 W Resources: Preloaded drawable resource #0x10804e4 (android:drawable/scrubber_track_holo_light) that varies with configuration!!

11-13 20:36:47.600   164   164 W Resources: Preloaded drawable resource #0x10804d6 (android:drawable/scrollbar_handle_holo_dark) that varies with configuration!!

11-13 20:36:47.600   164   164 W Resources: Preloaded drawable resource #0x10804d7 (android:drawable/scrollbar_handle_holo_light) that varies with configuration!!

11-13 20:36:47.604   164   164 W Resources: Preloaded drawable resource #0x108050c (android:drawable/spinner_disabled_holo_dark) that varies with configuration!!

11-13 20:36:47.604   164   164 W Resources: Preloaded drawable resource #0x1080514 (android:drawable/spinner_pressed_holo_dark) that varies with configuration!!

11-13 20:36:47.604   164   164 W Resources: Preloaded drawable resource #0x1080510 (android:drawable/spinner_focused_holo_dark) that varies with configuration!!

11-13 20:36:47.604   164   164 W Resources: Preloaded drawable resource #0x108050a (android:drawable/spinner_default_holo_dark) that varies with configuration!!

11-13 20:36:47.604   164   164 W Resources: Preloaded drawable resource #0x108050a (android:drawable/spinner_default_holo_dark) that varies with configuration!!

11-13 20:36:47.608   164   164 W Resources: Preloaded drawable resource #0x108050d (android:drawable/spinner_disabled_holo_light) that varies with configuration!!

11-13 20:36:47.608   164   164 W Resources: Preloaded drawable resource #0x1080515 (android:drawable/spinner_pressed_holo_light) that varies with configuration!!

11-13 20:36:47.608   164   164 W Resources: Preloaded drawable resource #0x1080511 (android:drawable/spinner_focused_holo_light) that varies with configuration!!

11-13 20:36:47.608   164   164 W Resources: Preloaded drawable resource #0x108050b (android:drawable/spinner_default_holo_light) that varies with configuration!!

11-13 20:36:47.608   164   164 W Resources: Preloaded drawable resource #0x108050b (android:drawable/spinner_default_holo_light) that varies with configuration!!

11-13 20:36:47.608   164   164 W Resources: Preloaded drawable resource #0x10804fa (android:drawable/spinner_ab_default_holo_dark) that varies with configuration!!

11-13 20:36:47.612   164   164 W Resources: Preloaded drawable resource #0x10804fb (android:drawable/spinner_ab_default_holo_light) that varies with configuration!!

11-13 20:36:47.616   164   164 W Resources: Preloaded drawable resource #0x10804fc (android:drawable/spinner_ab_disabled_holo_dark) that varies with configuration!!

11-13 20:36:47.616   164   164 W Resources: Preloaded drawable resource #0x10804fd (android:drawable/spinner_ab_disabled_holo_light) that varies with configuration!!

11-13 20:36:47.616   164   164 W Resources: Preloaded drawable resource #0x10804fe (android:drawable/spinner_ab_focused_holo_dark) that varies with configuration!!

11-13 20:36:47.616   164   164 W Resources: Preloaded drawable resource #0x10804ff (android:drawable/spinner_ab_focused_holo_light) that varies with configuration!!

11-13 20:36:47.616   164   164 W Resources: Preloaded drawable resource #0x1080502 (android:drawable/spinner_ab_pressed_holo_dark) that varies with configuration!!

11-13 20:36:47.616   164   164 W Resources: Preloaded drawable resource #0x1080503 (android:drawable/spinner_ab_pressed_holo_light) that varies with configuration!!

11-13 20:36:47.620   164   164 W Resources: Preloaded drawable resource #0x10804fc (android:drawable/spinner_ab_disabled_holo_dark) that varies with configuration!!

11-13 20:36:47.620   164   164 W Resources: Preloaded drawable resource #0x1080502 (android:drawable/spinner_ab_pressed_holo_dark) that varies with configuration!!

11-13 20:36:47.620   164   164 W Resources: Preloaded drawable resource #0x10804fe (android:drawable/spinner_ab_focused_holo_dark) that varies with configuration!!

11-13 20:36:47.620   164   164 W Resources: Preloaded drawable resource #0x10804fa (android:drawable/spinner_ab_default_holo_dark) that varies with configuration!!

11-13 20:36:47.620   164   164 W Resources: Preloaded drawable resource #0x10804fa (android:drawable/spinner_ab_default_holo_dark) that varies with configuration!!

11-13 20:36:47.624   164   164 W Resources: Preloaded drawable resource #0x10804fd (android:drawable/spinner_ab_disabled_holo_light) that varies with configuration!!

11-13 20:36:47.624   164   164 W Resources: Preloaded drawable resource #0x1080503 (android:drawable/spinner_ab_pressed_holo_light) that varies with configuration!!

11-13 20:36:47.624   164   164 W Resources: Preloaded drawable resource #0x10804ff (android:drawable/spinner_ab_focused_holo_light) that varies with configuration!!

11-13 20:36:47.624   164   164 W Resources: Preloaded drawable resource #0x10804fb (android:drawable/spinner_ab_default_holo_light) that varies with configuration!!

11-13 20:36:47.624   164   164 W Resources: Preloaded drawable resource #0x10804fb (android:drawable/spinner_ab_default_holo_light) that varies with configuration!!

11-13 20:36:47.624   164   164 W Resources: Preloaded drawable resource #0x108050a (android:drawable/spinner_default_holo_dark) that varies with configuration!!

11-13 20:36:47.624   164   164 W Resources: Preloaded drawable resource #0x108050b (android:drawable/spinner_default_holo_light) that varies with configuration!!

11-13 20:36:47.624   164   164 W Resources: Preloaded drawable resource #0x108050c (android:drawable/spinner_disabled_holo_dark) that varies with configuration!!

11-13 20:36:47.624   164   164 W Resources: Preloaded drawable resource #0x108050d (android:drawable/spinner_disabled_holo_light) that varies with configuration!!

11-13 20:36:47.628   164   164 W Resources: Preloaded drawable resource #0x1080510 (android:drawable/spinner_focused_holo_dark) that varies with configuration!!

11-13 20:36:47.628   164   164 W Resources: Preloaded drawable resource #0x1080511 (android:drawable/spinner_focused_holo_light) that varies with configuration!!

11-13 20:36:47.628   164   164 W Resources: Preloaded drawable resource #0x1080514 (android:drawable/spinner_pressed_holo_dark) that varies with configuration!!

11-13 20:36:47.628   164   164 W Resources: Preloaded drawable resource #0x1080515 (android:drawable/spinner_pressed_holo_light) that varies with configuration!!

11-13 20:36:47.632   164   164 W Resources: Preloaded drawable resource #0x108020b (android:drawable/cab_background_bottom_holo_dark) that varies with configuration!!

11-13 20:36:47.632   164   164 W Resources: Preloaded drawable resource #0x108020e (android:drawable/cab_background_top_holo_light) that varies with configuration!!

11-13 20:36:47.632   164   164 W Resources: Preloaded drawable resource #0x108020c (android:drawable/cab_background_bottom_holo_light) that varies with configuration!!

11-13 20:36:47.632   164   164 W Resources: Preloaded drawable resource #0x10802b1 (android:drawable/ic_cab_done_holo_dark) that varies with configuration!!

11-13 20:36:47.636   164   164 W Resources: Preloaded drawable resource #0x108020d (android:drawable/cab_background_top_holo_dark) that varies with configuration!!

11-13 20:36:47.636   164   164 W Resources: Preloaded drawable resource #0x10802b2 (android:drawable/ic_cab_done_holo_light) that varies with configuration!!

11-13 20:36:47.636   164   164 W Resources: Preloaded drawable resource #0x10800d3 (android:drawable/btn_cab_done_default_holo_dark) that varies with configuration!!

11-13 20:36:47.636   164   164 W Resources: Preloaded drawable resource #0x10800d6 (android:drawable/btn_cab_done_focused_holo_light) that varies with configuration!!

11-13 20:36:47.636   164   164 W Resources: Preloaded drawable resource #0x10800d4 (android:drawable/btn_cab_done_default_holo_light) that varies with configuration!!

11-13 20:36:47.636   164   164 W Resources: Preloaded drawable resource #0x10800d9 (android:drawable/btn_cab_done_pressed_holo_dark) that varies with configuration!!

11-13 20:36:47.636   164   164 W Resources: Preloaded drawable resource #0x10800d5 (android:drawable/btn_cab_done_focused_holo_dark) that varies with configuration!!

11-13 20:36:47.636   164   164 W Resources: Preloaded drawable resource #0x10800da (android:drawable/btn_cab_done_pressed_holo_light) that varies with configuration!!

11-13 20:36:47.636   164   164 W Resources: Preloaded drawable resource #0x10800da (android:drawable/btn_cab_done_pressed_holo_light) that varies with configuration!!

11-13 20:36:47.636   164   164 W Resources: Preloaded drawable resource #0x10800d6 (android:drawable/btn_cab_done_focused_holo_light) that varies with configuration!!

11-13 20:36:47.636   164   164 W Resources: Preloaded drawable resource #0x10800d4 (android:drawable/btn_cab_done_default_holo_light) that varies with configuration!!

11-13 20:36:47.636   164   164 W Resources: Preloaded drawable resource #0x10800d4 (android:drawable/btn_cab_done_default_holo_light) that varies with configuration!!

11-13 20:36:47.636   164   164 W Resources: Preloaded drawable resource #0x10800d9 (android:drawable/btn_cab_done_pressed_holo_dark) that varies with configuration!!

11-13 20:36:47.640   164   164 W Resources: Preloaded drawable resource #0x10800d5 (android:drawable/btn_cab_done_focused_holo_dark) that varies with configuration!!

11-13 20:36:47.640   164   164 W Resources: Preloaded drawable resource #0x10800d3 (android:drawable/btn_cab_done_default_holo_dark) that varies with configuration!!

11-13 20:36:47.640   164   164 W Resources: Preloaded drawable resource #0x10800d3 (android:drawable/btn_cab_done_default_holo_dark) that varies with configuration!!

11-13 20:36:47.640   164   164 W Resources: Preloaded drawable resource #0x1080038 (android:drawable/ic_menu_close_clear_cancel) that varies with configuration!!

11-13 20:36:47.640   164   164 W Resources: Preloaded drawable resource #0x108032a (android:drawable/ic_menu_copy_holo_dark) that varies with configuration!!

11-13 20:36:47.640   164   164 W Resources: Preloaded drawable resource #0x108032b (android:drawable/ic_menu_copy_holo_light) that varies with configuration!!

11-13 20:36:47.644   164   164 W Resources: Preloaded drawable resource #0x108032d (android:drawable/ic_menu_cut_holo_dark) that varies with configuration!!

11-13 20:36:47.644   164   164 W Resources: Preloaded drawable resource #0x108032e (android:drawable/ic_menu_cut_holo_light) that varies with configuration!!

11-13 20:36:47.644   164   164 W Resources: Preloaded drawable resource #0x1080045 (android:drawable/ic_menu_more) that varies with configuration!!

11-13 20:36:47.648   164   164 W Resources: Preloaded drawable resource #0x1080341 (android:drawable/ic_menu_moreoverflow_normal_holo_dark) that varies with configuration!!

11-13 20:36:47.648   164   164 W Resources: Preloaded drawable resource #0x1080341 (android:drawable/ic_menu_moreoverflow_normal_holo_dark) that varies with configuration!!

11-13 20:36:47.648   164   164 W Resources: Preloaded drawable resource #0x1080342 (android:drawable/ic_menu_moreoverflow_normal_holo_light) that varies with configuration!!

11-13 20:36:47.648   164   164 W Resources: Preloaded drawable resource #0x1080342 (android:drawable/ic_menu_moreoverflow_normal_holo_light) that varies with configuration!!

11-13 20:36:47.648   164   164 W Resources: Preloaded drawable resource #0x1080345 (android:drawable/ic_menu_paste_holo_dark) that varies with configuration!!

11-13 20:36:47.652   164   164 W Resources: Preloaded drawable resource #0x1080346 (android:drawable/ic_menu_paste_holo_light) that varies with configuration!!

11-13 20:36:47.652   164   164 W Resources: Preloaded drawable resource #0x108034c (android:drawable/ic_menu_selectall_holo_light) that varies with configuration!!

11-13 20:36:47.652   164   164 W Resources: Preloaded drawable resource #0x108034b (android:drawable/ic_menu_selectall_holo_dark) that varies with configuration!!

11-13 20:36:47.652   164   164 W Resources: Preloaded drawable resource #0x10802b5 (android:drawable/ic_clear_disabled) that varies with configuration!!

11-13 20:36:47.656   164   164 W Resources: Preloaded drawable resource #0x10802b7 (android:drawable/ic_clear_normal) that varies with configuration!!

11-13 20:36:47.656   164   164 W Resources: Preloaded drawable resource #0x10802b7 (android:drawable/ic_clear_normal) that varies with configuration!!

11-13 20:36:47.656   164   164 W Resources: Preloaded drawable resource #0x10802b5 (android:drawable/ic_clear_disabled) that varies with configuration!!

11-13 20:36:47.656   164   164 W Resources: Preloaded drawable resource #0x10802b7 (android:drawable/ic_clear_normal) that varies with configuration!!

11-13 20:36:47.660   164   164 W Resources: Preloaded drawable resource #0x108035b (android:drawable/ic_search) that varies with configuration!!

11-13 20:36:47.660   164   164 W Resources: Preloaded drawable resource #0x10802cf (android:drawable/ic_go) that varies with configuration!!

11-13 20:36:47.660   164   164 W Resources: Preloaded drawable resource #0x1080362 (android:drawable/ic_voice_search) that varies with configuration!!

11-13 20:36:47.664   164   164 W Resources: Preloaded drawable resource #0x108021f (android:drawable/dialog_bottom_holo_dark) that varies with configuration!!

11-13 20:36:47.664   164   164 W Resources: Preloaded drawable resource #0x1080220 (android:drawable/dialog_bottom_holo_light) that varies with configuration!!

11-13 20:36:47.664   164   164 W Resources: Preloaded drawable resource #0x1080224 (android:drawable/dialog_full_holo_dark) that varies with configuration!!

11-13 20:36:47.668   164   164 W Resources: Preloaded drawable resource #0x1080225 (android:drawable/dialog_full_holo_light) that varies with configuration!!

11-13 20:36:47.668   164   164 W Resources: Preloaded drawable resource #0x108022d (android:drawable/dialog_middle_holo_dark) that varies with configuration!!

11-13 20:36:47.668   164   164 W Resources: Preloaded drawable resource #0x108022e (android:drawable/dialog_middle_holo_light) that varies with configuration!!

11-13 20:36:47.672   164   164 W Resources: Preloaded drawable resource #0x108022f (android:drawable/dialog_top_holo_dark) that varies with configuration!!

11-13 20:36:47.672   164   164 W Resources: Preloaded drawable resource #0x1080230 (android:drawable/dialog_top_holo_light) that varies with configuration!!

11-13 20:36:47.676   164   164 W Resources: Preloaded drawable resource #0x10802c2 (android:drawable/ic_dialog_alert_holo_dark) that varies with configuration!!

11-13 20:36:47.676   164   164 W Resources: Preloaded drawable resource #0x10802c3 (android:drawable/ic_dialog_alert_holo_light) that varies with configuration!!

11-13 20:36:47.676   164   164 W Resources: Preloaded drawable resource #0x10803c9 (android:drawable/list_divider_holo_dark) that varies with configuration!!

11-13 20:36:47.676   164   164 W Resources: Preloaded drawable resource #0x10803ca (android:drawable/list_divider_holo_light) that varies with configuration!!

11-13 20:36:47.676   164   164 W Resources: Preloaded drawable resource #0x10803ca (android:drawable/list_divider_holo_light) that varies with configuration!!

11-13 20:36:47.676   164   164 W Resources: Preloaded drawable resource #0x10800bd (android:drawable/ab_transparent_dark_holo) that varies with configuration!!

11-13 20:36:47.680   164   164 W Resources: Preloaded drawable resource #0x10800bb (android:drawable/ab_stacked_transparent_dark_holo) that varies with configuration!!

11-13 20:36:47.680   164   164 W Resources: Preloaded drawable resource #0x10800a1 (android:drawable/ab_bottom_transparent_dark_holo) that varies with configuration!!

11-13 20:36:47.680   164   164 W Resources: Preloaded drawable resource #0x10800b5 (android:drawable/ab_solid_dark_holo) that varies with configuration!!

11-13 20:36:47.680   164   164 W Resources: Preloaded drawable resource #0x10800b8 (android:drawable/ab_stacked_solid_dark_holo) that varies with configuration!!

11-13 20:36:47.680   164   164 W Resources: Preloaded drawable resource #0x108009e (android:drawable/ab_bottom_solid_dark_holo) that varies with configuration!!

11-13 20:36:47.680   164   164 W Resources: Preloaded drawable resource #0x10800be (android:drawable/ab_transparent_light_holo) that varies with configuration!!

11-13 20:36:47.680   164   164 W Resources: Preloaded drawable resource #0x10800bc (android:drawable/ab_stacked_transparent_light_holo) that varies with configuration!!

11-13 20:36:47.680   164   164 W Resources: Preloaded drawable resource #0x10800a2 (android:drawable/ab_bottom_transparent_light_holo) that varies with configuration!!

11-13 20:36:47.680   164   164 W Resources: Preloaded drawable resource #0x10800b6 (android:drawable/ab_solid_light_holo) that varies with configuration!!

11-13 20:36:47.680   164   164 W Resources: Preloaded drawable resource #0x10800ba (android:drawable/ab_stacked_solid_light_holo) that varies with configuration!!

11-13 20:36:47.684   164   164 W Resources: Preloaded drawable resource #0x10800a0 (android:drawable/ab_bottom_solid_light_holo) that varies with configuration!!

11-13 20:36:47.684   164   164 W Resources: Preloaded drawable resource #0x10800b7 (android:drawable/ab_solid_shadow_holo) that varies with configuration!!

11-13 20:36:47.684   164   164 W Resources: Preloaded drawable resource #0x10803f0 (android:drawable/list_selector_disabled_holo_dark) that varies with configuration!!

11-13 20:36:47.684   164   164 W Resources: Preloaded drawable resource #0x10803f0 (android:drawable/list_selector_disabled_holo_dark) that varies with configuration!!

11-13 20:36:47.684   164   164 W Resources: Preloaded drawable resource #0x10803d1 (android:drawable/list_pressed_holo_dark) that varies with configuration!!

11-13 20:36:47.684   164   164 W Resources: Preloaded drawable resource #0x10803d0 (android:drawable/list_longpressed_holo) that varies with configuration!!

11-13 20:36:47.684   164   164 W Resources: Preloaded drawable resource #0x10803d0 (android:drawable/list_longpressed_holo) that varies with configuration!!

11-13 20:36:47.684   164   164 W Resources: Preloaded drawable resource #0x10803d1 (android:drawable/list_pressed_holo_dark) that varies with configuration!!

11-13 20:36:47.684   164   164 W Resources: Preloaded drawable resource #0x10803d0 (android:drawable/list_longpressed_holo) that varies with configuration!!

11-13 20:36:47.684   164   164 W Resources: Preloaded drawable resource #0x10803d0 (android:drawable/list_longpressed_holo) that varies with configuration!!

11-13 20:36:47.684   164   164 W Resources: Preloaded drawable resource #0x10803cc (android:drawable/list_focused_holo) that varies with configuration!!

11-13 20:36:47.688   164   164 W Resources: Preloaded drawable resource #0x10803f1 (android:drawable/list_selector_disabled_holo_light) that varies with configuration!!

11-13 20:36:47.688   164   164 W Resources: Preloaded drawable resource #0x10803f1 (android:drawable/list_selector_disabled_holo_light) that varies with configuration!!

11-13 20:36:47.688   164   164 W Resources: Preloaded drawable resource #0x10803d2 (android:drawable/list_pressed_holo_light) that varies with configuration!!

11-13 20:36:47.688   164   164 W Resources: Preloaded drawable resource #0x10803d0 (android:drawable/list_longpressed_holo) that varies with configuration!!

11-13 20:36:47.688   164   164 W Resources: Preloaded drawable resource #0x10803d0 (android:drawable/list_longpressed_holo) that varies with configuration!!

11-13 20:36:47.688   164   164 W Resources: Preloaded drawable resource #0x10803d2 (android:drawable/list_pressed_holo_light) that varies with configuration!!

11-13 20:36:47.688   164   164 W Resources: Preloaded drawable resource #0x10803d0 (android:drawable/list_longpressed_holo) that varies with configuration!!

11-13 20:36:47.688   164   164 W Resources: Preloaded drawable resource #0x10803d0 (android:drawable/list_longpressed_holo) that varies with configuration!!

11-13 20:36:47.688   164   164 W Resources: Preloaded drawable resource #0x10803cc (android:drawable/list_focused_holo) that varies with configuration!!

11-13 20:36:47.688   164   164 W Resources: Preloaded drawable resource #0x108027a (android:drawable/fastscroll_thumb_pressed_holo) that varies with configuration!!

11-13 20:36:47.688   164   164 W Resources: Preloaded drawable resource #0x1080278 (android:drawable/fastscroll_thumb_default_holo) that varies with configuration!!

11-13 20:36:47.688   164   164 W Resources: Preloaded drawable resource #0x1080278 (android:drawable/fastscroll_thumb_default_holo) that varies with configuration!!

11-13 20:36:47.692   164   164 W Resources: Preloaded drawable resource #0x108027a (android:drawable/fastscroll_thumb_pressed_holo) that varies with configuration!!

11-13 20:36:47.692   164   164 W Resources: Preloaded drawable resource #0x1080278 (android:drawable/fastscroll_thumb_default_holo) that varies with configuration!!

11-13 20:36:47.692   164   164 W Resources: Preloaded drawable resource #0x108027f (android:drawable/fastscroll_track_pressed_holo_dark) that varies with configuration!!

11-13 20:36:47.692   164   164 W Resources: Preloaded drawable resource #0x108027b (android:drawable/fastscroll_track_default_holo_dark) that varies with configuration!!

11-13 20:36:47.692   164   164 W Resources: Preloaded drawable resource #0x108027b (android:drawable/fastscroll_track_default_holo_dark) that varies with configuration!!

11-13 20:36:47.692   164   164 W Resources: Preloaded drawable resource #0x108027f (android:drawable/fastscroll_track_pressed_holo_dark) that varies with configuration!!

11-13 20:36:47.692   164   164 W Resources: Preloaded drawable resource #0x108027b (android:drawable/fastscroll_track_default_holo_dark) that varies with configuration!!

11-13 20:36:47.692   164   164 W Resources: Preloaded drawable resource #0x1080274 (android:drawable/fastscroll_label_left_holo_dark) that varies with configuration!!

11-13 20:36:47.696   164   164 W Resources: Preloaded drawable resource #0x1080276 (android:drawable/fastscroll_label_right_holo_dark) that varies with configuration!!

11-13 20:36:47.700   164   164 W Resources: Preloaded drawable resource #0x1080280 (android:drawable/fastscroll_track_pressed_holo_light) that varies with configuration!!

11-13 20:36:47.700   164   164 W Resources: Preloaded drawable resource #0x108027c (android:drawable/fastscroll_track_default_holo_light) that varies with configuration!!

11-13 20:36:47.700   164   164 W Resources: Preloaded drawable resource #0x108027c (android:drawable/fastscroll_track_default_holo_light) that varies with configuration!!

11-13 20:36:47.700   164   164 W Resources: Preloaded drawable resource #0x1080280 (android:drawable/fastscroll_track_pressed_holo_light) that varies with configuration!!

11-13 20:36:47.700   164   164 W Resources: Preloaded drawable resource #0x108027c (android:drawable/fastscroll_track_default_holo_light) that varies with configuration!!

11-13 20:36:47.700   164   164 W Resources: Preloaded drawable resource #0x1080275 (android:drawable/fastscroll_label_left_holo_light) that varies with configuration!!

11-13 20:36:47.704   164   164 W Resources: Preloaded drawable resource #0x1080277 (android:drawable/fastscroll_label_right_holo_light) that varies with configuration!!

11-13 20:36:47.704   164   164 W Resources: Preloaded drawable resource #0x1080259 (android:drawable/editbox_dropdown_background_dark) that varies with configuration!!

11-13 20:36:47.704   164   164 W Resources: Preloaded drawable resource #0x10805f8 (android:drawable/textfield_search_selected_holo_dark) that varies with configuration!!

11-13 20:36:47.704   164   164 W Resources: Preloaded drawable resource #0x10805ec (android:drawable/textfield_search_default_holo_dark) that varies with configuration!!

11-13 20:36:47.704   164   164 W Resources: Preloaded drawable resource #0x10805ec (android:drawable/textfield_search_default_holo_dark) that varies with configuration!!

11-13 20:36:47.704   164   164 W Resources: Preloaded drawable resource #0x10805f5 (android:drawable/textfield_search_right_selected_holo_dark) that varies with configuration!!

11-13 20:36:47.704   164   164 W Resources: Preloaded drawable resource #0x10805f3 (android:drawable/textfield_search_right_default_holo_dark) that varies with configuration!!

11-13 20:36:47.704   164   164 W Resources: Preloaded drawable resource #0x10805f3 (android:drawable/textfield_search_right_default_holo_dark) that varies with configuration!!

11-13 20:36:47.704   164   164 W Resources: Preloaded drawable resource #0x10805f9 (android:drawable/textfield_search_selected_holo_light) that varies with configuration!!

11-13 20:36:47.704   164   164 W Resources: Preloaded drawable resource #0x10805ed (android:drawable/textfield_search_default_holo_light) that varies with configuration!!

11-13 20:36:47.704   164   164 W Resources: Preloaded drawable resource #0x10805ed (android:drawable/textfield_search_default_holo_light) that varies with configuration!!

11-13 20:36:47.704   164   164 W Resources: Preloaded drawable resource #0x10805f6 (android:drawable/textfield_search_right_selected_holo_light) that varies with configuration!!

11-13 20:36:47.704   164   164 W Resources: Preloaded drawable resource #0x10805f4 (android:drawable/textfield_search_right_default_holo_light) that varies with configuration!!

11-13 20:36:47.704   164   164 W Resources: Preloaded drawable resource #0x10805f4 (android:drawable/textfield_search_right_default_holo_light) that varies with configuration!!

11-13 20:36:47.704   164   164 W Resources: Preloaded drawable resource #0x10805f8 (android:drawable/textfield_search_selected_holo_dark) that varies with configuration!!

11-13 20:36:47.704   164   164 W Resources: Preloaded drawable resource #0x10805ec (android:drawable/textfield_search_default_holo_dark) that varies with configuration!!

11-13 20:36:47.704   164   164 W Resources: Preloaded drawable resource #0x10805f5 (android:drawable/textfield_search_right_selected_holo_dark) that varies with configuration!!

11-13 20:36:47.704   164   164 W Resources: Preloaded drawable resource #0x10805f3 (android:drawable/textfield_search_right_default_holo_dark) that varies with configuration!!

11-13 20:36:47.708   164   164 W Resources: Preloaded drawable resource #0x10805f9 (android:drawable/textfield_search_selected_holo_light) that varies with configuration!!

11-13 20:36:47.708   164   164 W Resources: Preloaded drawable resource #0x10805ed (android:drawable/textfield_search_default_holo_light) that varies with configuration!!

11-13 20:36:47.708   164   164 W Resources: Preloaded drawable resource #0x10805f6 (android:drawable/textfield_search_right_selected_holo_light) that varies with configuration!!

11-13 20:36:47.708   164   164 W Resources: Preloaded drawable resource #0x10805f4 (android:drawable/textfield_search_right_default_holo_light) that varies with configuration!!

11-13 20:36:47.708   164   164 W Resources: Preloaded drawable resource #0x10805c1 (android:drawable/tab_unselected_holo) that varies with configuration!!

11-13 20:36:47.708   164   164 W Resources: Preloaded drawable resource #0x10805bc (android:drawable/tab_selected_holo) that varies with configuration!!

11-13 20:36:47.708   164   164 W Resources: Preloaded drawable resource #0x10805c0 (android:drawable/tab_unselected_focused_holo) that varies with configuration!!

11-13 20:36:47.708   164   164 W Resources: Preloaded drawable resource #0x10805bb (android:drawable/tab_selected_focused_holo) that varies with configuration!!

11-13 20:36:47.708   164   164 W Resources: Preloaded drawable resource #0x10805c2 (android:drawable/tab_unselected_pressed_holo) that varies with configuration!!

11-13 20:36:47.708   164   164 W Resources: Preloaded drawable resource #0x10805bd (android:drawable/tab_selected_pressed_holo) that varies with configuration!!

11-13 20:36:47.708   164   164 W Resources: Preloaded drawable resource #0x10805c2 (android:drawable/tab_unselected_pressed_holo) that varies with configuration!!

11-13 20:36:47.708   164   164 W Resources: Preloaded drawable resource #0x10805bd (android:drawable/tab_selected_pressed_holo) that varies with configuration!!

11-13 20:36:47.708   164   164 W Resources: Preloaded drawable resource #0x10805bd (android:drawable/tab_selected_pressed_holo) that varies with configuration!!

11-13 20:36:47.708   164   164 W Resources: Preloaded drawable resource #0x10805c1 (android:drawable/tab_unselected_holo) that varies with configuration!!

11-13 20:36:47.708   164   164 W Resources: Preloaded drawable resource #0x10805bc (android:drawable/tab_selected_holo) that varies with configuration!!

11-13 20:36:47.708   164   164 W Resources: Preloaded drawable resource #0x10805c0 (android:drawable/tab_unselected_focused_holo) that varies with configuration!!

11-13 20:36:47.708   164   164 W Resources: Preloaded drawable resource #0x10805bb (android:drawable/tab_selected_focused_holo) that varies with configuration!!

11-13 20:36:47.708   164   164 W Resources: Preloaded drawable resource #0x10805c2 (android:drawable/tab_unselected_pressed_holo) that varies with configuration!!

11-13 20:36:47.708   164   164 W Resources: Preloaded drawable resource #0x10805bd (android:drawable/tab_selected_pressed_holo) that varies with configuration!!

11-13 20:36:47.712   164   164 W Resources: Preloaded drawable resource #0x10804a5 (android:drawable/quickcontact_badge_overlay_pressed_dark) that varies with configuration!!

11-13 20:36:47.712   164   164 W Resources: Preloaded drawable resource #0x10804a0 (android:drawable/quickcontact_badge_overlay_focused_dark) that varies with configuration!!

11-13 20:36:47.712   164   164 W Resources: Preloaded drawable resource #0x10804a3 (android:drawable/quickcontact_badge_overlay_normal_dark) that varies with configuration!!

11-13 20:36:47.712   164   164 W Resources: Preloaded drawable resource #0x10804a3 (android:drawable/quickcontact_badge_overlay_normal_dark) that varies with configuration!!

11-13 20:36:47.712   164   164 W Resources: Preloaded drawable resource #0x10804a3 (android:drawable/quickcontact_badge_overlay_normal_dark) that varies with configuration!!

11-13 20:36:47.712   164   164 W Resources: Preloaded drawable resource #0x10804a5 (android:drawable/quickcontact_badge_overlay_pressed_dark) that varies with configuration!!

11-13 20:36:47.712   164   164 W Resources: Preloaded drawable resource #0x10804a6 (android:drawable/quickcontact_badge_overlay_pressed_light) that varies with configuration!!

11-13 20:36:47.712   164   164 W Resources: Preloaded drawable resource #0x10804a1 (android:drawable/quickcontact_badge_overlay_focused_light) that varies with configuration!!

11-13 20:36:47.712   164   164 W Resources: Preloaded drawable resource #0x10804a4 (android:drawable/quickcontact_badge_overlay_normal_light) that varies with configuration!!

11-13 20:36:47.712   164   164 W Resources: Preloaded drawable resource #0x10804a4 (android:drawable/quickcontact_badge_overlay_normal_light) that varies with configuration!!

11-13 20:36:47.716   164   164 W Resources: Preloaded drawable resource #0x10804a4 (android:drawable/quickcontact_badge_overlay_normal_light) that varies with configuration!!

11-13 20:36:47.716   164   164 W Resources: Preloaded drawable resource #0x10804a6 (android:drawable/quickcontact_badge_overlay_pressed_light) that varies with configuration!!

11-13 20:36:47.716   164   164 I Zygote  : ...preloaded 270 resources in 356ms.

11-13 20:36:47.720   164   164 I Zygote  : ...preloaded 31 resources in 2ms.

11-13 20:36:47.724   164   164 I dalvikvm: System server process 408 has been created

11-13 20:36:47.728   164   164 I Zygote  : Accepting command socket connections

11-13 20:36:47.752   408   408 E Genymotion: usbOnlinePath not found

11-13 20:36:47.752   408   408 E Genymotion: wirelessOnlinePath not found

11-13 20:36:47.752   408   408 E Genymotion: batteryHealthPath not found

11-13 20:36:47.752   408   408 E Genymotion: batteryTemperaturePath not found

11-13 20:36:47.752   408   408 I sysproc : Entered system_init()

11-13 20:36:47.752   408   408 I sysproc : ServiceManager: 0xb90d2598

11-13 20:36:47.760   408   408 I SensorService: Genymotion Accelerometer

11-13 20:36:47.760   408   408 I sysproc : System server: starting Android runtime.

11-13 20:36:47.760   408   408 I sysproc : System server: starting Android services.

11-13 20:36:47.760   408   408 I sysproc : System server: entering thread pool.

11-13 20:36:47.760   168   168 I installd: new connection

11-13 20:36:47.760   408   408 I SystemServer: Entered the Android system server!

11-13 20:36:47.760   408   422 I SystemServer: Enabled StrictMode logging for UI Looper

11-13 20:36:47.760   408   421 I SystemServer: Waiting for installd to be ready.

11-13 20:36:47.760   408   423 I SystemServer: Enabled StrictMode logging for WM Looper

11-13 20:36:47.760   408   421 I Installer: connecting...

11-13 20:36:47.760   408   421 I SystemServer: Entropy Mixer

11-13 20:36:47.768   408   421 I SystemServer: Power Manager

11-13 20:36:47.768   408   421 I SystemServer: Activity Manager

11-13 20:36:47.772   408   424 I ActivityManager: Memory class: 96

11-13 20:36:47.784   408   423 I ServiceManager: Waiting for service SurfaceFlinger...

11-13 20:36:47.784   408   421 I SystemServer: Display Manager

11-13 20:36:47.784   408   421 I SystemServer: Telephony Registry

11-13 20:36:47.788   408   421 I SystemServer: Scheduling Policy

11-13 20:36:47.788   408   424 I ActivityManager: Enabled StrictMode logging for AThread's Looper

11-13 20:36:48.480   166   166 I AudioFlinger: Using module 1 has the primary audio interface

11-13 20:36:48.480   166   427 I AudioFlinger: AudioFlinger's thread 0xb8bc2568 ready to run

11-13 20:36:48.480   166   166 I AudioPolicyService: Loaded audio policy from LEGACY Audio Policy HAL (audio_policy)

11-13 20:36:48.788   408   423 I ServiceManager: Waiting for service SurfaceFlinger...

11-13 20:36:49.788   408   423 I ServiceManager: Waiting for service SurfaceFlinger...

11-13 20:36:50.788   408   423 I ServiceManager: Waiting for service SurfaceFlinger...

11-13 20:36:51.788   408   423 I ServiceManager: Waiting for service SurfaceFlinger...

11-13 20:36:53.040   408   423 I ServiceManager: Waiting for service SurfaceFlinger...

11-13 20:36:53.552   439   439 I SurfaceFlinger: SurfaceFlinger is starting

11-13 20:36:53.552   439   440 I SurfaceFlinger: SurfaceFlinger's main thread ready to run. Initializing graphics H/W...

11-13 20:36:53.592   445   445 E setdpi  : Setting DPI to 320

11-13 20:36:53.592   439   440 E SurfaceFlinger: hwcomposer module not found

11-13 20:36:53.592   439   440 W SurfaceFlinger: getting VSYNC period from fb HAL: 16666666

11-13 20:36:53.628   439   440 I gralloc_vbox86: setOrientation: orientation=0

11-13 20:36:53.640   439   440 I SurfaceFlinger: EGL informations:

11-13 20:36:53.640   439   440 I SurfaceFlinger: vendor    : Android

11-13 20:36:53.640   439   440 I SurfaceFlinger: version   : 1.4 Android META-EGL

11-13 20:36:53.640   439   440 I SurfaceFlinger: extensions: EGL_KHR_image_base EGL_KHR_fence_sync EGL_ANDROID_image_native_buffer 

11-13 20:36:53.640   439   440 I SurfaceFlinger: Client API: OpenGL_ES

11-13 20:36:53.640   439   440 I SurfaceFlinger: EGLSurface: 8-8-8-8, config=0x1

11-13 20:36:53.640   439   440 I SurfaceFlinger: OpenGL ES informations:

11-13 20:36:53.640   439   440 I SurfaceFlinger: vendor    : Google (Intel)

11-13 20:36:53.640   439   440 I SurfaceFlinger: renderer  : Android Emulator OpenGL ES Translator (Intel(R) HD Graphics 530)

11-13 20:36:53.640   439   440 I SurfaceFlinger: version   : OpenGL ES-CM 1.1 (4.5.0 - Build 22.20.16.4749)

11-13 20:36:53.640   439   440 I SurfaceFlinger: extensions: GL_EXT_debug_marker GL_OES_blend_func_separate GL_OES_blend_equation_separate GL_OES_blend_subtract GL_OES_byte_coordinates GL_OES_compressed_paletted_texture GL_OES_point_size_array GL_OES_point_sprite GL_OES_single_precision GL_OES_stencil_wrap GL_OES_texture_env_crossbar GL_OES_texture_mirored_repeat GL_OES_EGL_image GL_OES_element_index_uint GL_OES_draw_texture GL_OES_texture_cube_map GL_OES_draw_texture GL_OES_framebuffer_object GL_OES_depth24 GL_OES_depth32 GL_OES_fbo_render_mipmap GL_OES_rgb8_rgba8 GL_OES_stencil1 GL_OES_stencil4 GL_OES_stencil8 GL_OES_packed_depth_stencil GL_EXT_texture_format_BGRA8888 GL_APPLE_texture_format_BGRA8888 GL_OES_compressed_ETC1_RGB8_texture 

11-13 20:36:53.640   439   440 I SurfaceFlinger: GL_MAX_TEXTURE_SIZE = 16384

11-13 20:36:53.640   439   440 I SurfaceFlinger: GL_MAX_VIEWPORT_DIMS = 16384 x 16384

11-13 20:36:54.040   408   423 I DisplayManagerService: Display device added: DisplayDeviceInfo{"Built-in Screen": 768 x 1280, 60.000004 fps, density 320, 320.0 x 320.0 dpi, touch INTERNAL, FLAG_DEFAULT_DISPLAY, FLAG_ROTATES_WITH_CONTENT, FLAG_SECURE, FLAG_SUPPORTS_PROTECTED_BUFFERS, rotation 0, type BUILT_IN, address null}

11-13 20:36:54.088   408   421 I SystemServer: Package Manager

11-13 20:36:54.172   408   421 W PackageParser: No actions in intent filter at /system/app/Bluetooth.apk Binary XML file line #199

11-13 20:36:54.200   408   421 W PackageParser: No actions in intent filter at /system/app/CMFileManager.apk Binary XML file line #136

11-13 20:36:54.240   408   421 W PackageParser: No actions in intent filter at /system/app/Contacts.apk Binary XML file line #533

11-13 20:36:54.332   408   421 W PackageManager: Package com.android.camera desires unavailable shared library com.google.android.media.effects; ignoring!

11-13 20:36:54.504   408   421 W PackageParser: No actions in intent filter at /data/app/ApiDemos.apk Binary XML file line #2737

11-13 20:36:54.504   408   421 W PackageParser: No actions in intent filter at /data/app/ApiDemos.apk Binary XML file line #2743

11-13 20:36:54.508   408   421 W PackageManager: Package com.example.android.apis desires unavailable shared library com.example.will.never.exist; ignoring!

11-13 20:36:54.528   408   421 W PackageParser: Unknown element under <manifest>: meta-data at /data/app/com.mobile9.market.ggs-1.apk Binary XML file line #37

11-13 20:36:54.548   408   421 I PackageManager: Time to scan packages: 0.419 seconds

11-13 20:36:54.548   408   421 W PackageManager: Unknown permission com.google.android.googleapps.permission.GOOGLE_AUTH.mail in package com.android.contacts

11-13 20:36:54.548   408   421 W PackageManager: Unknown permission android.permission.ADD_SYSTEM_SERVICE in package com.android.phone

11-13 20:36:54.548   408   421 W PackageManager: Unknown permission com.google.android.googleapps.permission.GOOGLE_AUTH in package com.android.providers.calendar

11-13 20:36:54.548   408   421 W PackageManager: Unknown permission com.google.android.googleapps.permission.GOOGLE_AUTH.cl in package com.android.providers.calendar

11-13 20:36:54.548   408   421 W PackageManager: Unknown permission com.google.android.gallery3d.permission.GALLERY_PROVIDER in package com.android.bluetooth

11-13 20:36:54.548   408   421 W PackageManager: Unknown permission com.android.gallery3d.permission.GALLERY_PROVIDER in package com.android.bluetooth

11-13 20:36:54.548   408   421 W PackageManager: Unknown permission com.google.android.googleapps.permission.GOOGLE_AUTH.mail in package com.android.calendar

11-13 20:36:54.548   408   421 W PackageManager: Not granting permission android.permission.SEND_DOWNLOAD_COMPLETED_INTENTS to package com.android.browser (protectionLevel=2 flags=0x9be45)

11-13 20:36:54.548   408   421 W PackageManager: Unknown permission com.google.android.c2dm.permission.RECEIVE in package com.mobile9.market.ggs

11-13 20:36:54.548   408   421 W PackageManager: Unknown permission com.google.android.providers.gsf.permission.READ_GSERVICES in package com.mobile9.market.ggs

11-13 20:36:54.548   408   421 W PackageManager: Unknown permission com.sec.android.provider.badge.permission.READ in package com.mobile9.market.ggs

11-13 20:36:54.548   408   421 W PackageManager: Unknown permission com.sec.android.provider.badge.permission.WRITE in package com.mobile9.market.ggs

11-13 20:36:54.548   408   421 W PackageManager: Unknown permission com.htc.launcher.permission.READ_SETTINGS in package com.mobile9.market.ggs

11-13 20:36:54.548   408   421 W PackageManager: Unknown permission com.htc.launcher.permission.UPDATE_SHORTCUT in package com.mobile9.market.ggs

11-13 20:36:54.548   408   421 W PackageManager: Unknown permission com.sonyericsson.home.permission.BROADCAST_BADGE in package com.mobile9.market.ggs

11-13 20:36:54.548   408   421 W PackageManager: Unknown permission com.sonymobile.home.permission.PROVIDER_INSERT_BADGE in package com.mobile9.market.ggs

11-13 20:36:54.548   408   421 W PackageManager: Unknown permission com.anddoes.launcher.permission.UPDATE_COUNT in package com.mobile9.market.ggs

11-13 20:36:54.548   408   421 W PackageManager: Unknown permission com.majeur.launcher.permission.UPDATE_BADGE in package com.mobile9.market.ggs

11-13 20:36:54.548   408   421 W PackageManager: Unknown permission com.huawei.android.launcher.permission.CHANGE_BADGE in package com.mobile9.market.ggs

11-13 20:36:54.548   408   421 W PackageManager: Unknown permission com.huawei.android.launcher.permission.READ_SETTINGS in package com.mobile9.market.ggs

11-13 20:36:54.548   408   421 W PackageManager: Unknown permission com.huawei.android.launcher.permission.WRITE_SETTINGS in package com.mobile9.market.ggs

11-13 20:36:54.548   408   421 W PackageManager: Unknown permission android.permission.READ_APP_BADGE in package com.mobile9.market.ggs

11-13 20:36:54.548   408   421 W PackageManager: Unknown permission com.oppo.launcher.permission.READ_SETTINGS in package com.mobile9.market.ggs

11-13 20:36:54.548   408   421 W PackageManager: Unknown permission com.oppo.launcher.permission.WRITE_SETTINGS in package com.mobile9.market.ggs

11-13 20:36:54.548   408   421 W PackageManager: Unknown permission me.everything.badger.permission.BADGE_COUNT_READ in package com.mobile9.market.ggs

11-13 20:36:54.548   408   421 W PackageManager: Unknown permission me.everything.badger.permission.BADGE_COUNT_WRITE in package com.mobile9.market.ggs

11-13 20:36:54.548   408   421 W PackageManager: Unknown permission com.cyanogenmod.filemanager.permissions.READ_THEME in package com.cyanogenmod.filemanager

11-13 20:36:54.548   408   421 W PackageManager: Unknown permission com.google.android.gallery3d.permission.PICASA_STORE in package com.android.dreams.phototable

11-13 20:36:54.548   408   421 W PackageManager: Unknown permission com.google.android.googleapps.permission.GOOGLE_AUTH in package com.android.settings

11-13 20:36:54.548   408   421 W PackageManager: Unknown permission com.google.android.gallery3d.permission.GALLERY_PROVIDER in package com.android.exchange

